<?xml version="1.0"?>
<link_info>
   <banner>TI ARM Linker PC v5.2.2</banner>
   <copyright>Copyright (c) 1996-2015 Texas Instruments Incorporated</copyright>
   <link_time>0x56f1cf20</link_time>
   <link_errors>0x0</link_errors>
   <output_file>FreeRTOS823_3_TM4C1294_Base_Test.out</output_file>
   <entry_point>
      <name>_c_int00</name>
      <address>0x3a95</address>
   </entry_point>
   <input_file_list>
      <input_file id="fl-2">
         <path>.\</path>
         <kind>object</kind>
         <file>Main_Base_Test.obj</file>
         <name>Main_Base_Test.obj</name>
      </input_file>
      <input_file id="fl-3">
         <path>.\</path>
         <kind>object</kind>
         <file>TM4C_FreeRTOS_Base_Startup.obj</file>
         <name>TM4C_FreeRTOS_Base_Startup.obj</name>
      </input_file>
      <input_file id="fl-4">
         <path>.\</path>
         <kind>object</kind>
         <file>heap_2.obj</file>
         <name>heap_2.obj</name>
      </input_file>
      <input_file id="fl-5">
         <path>.\Tasks\</path>
         <kind>object</kind>
         <file>Task_Blinky.obj</file>
         <name>Task_Blinky.obj</name>
      </input_file>
      <input_file id="fl-6">
         <path>.\Tasks\</path>
         <kind>object</kind>
         <file>Task_Buttons.obj</file>
         <name>Task_Buttons.obj</name>
      </input_file>
      <input_file id="fl-7">
         <path>.\Tasks\</path>
         <kind>object</kind>
         <file>Task_HeaterOn.obj</file>
         <name>Task_HeaterOn.obj</name>
      </input_file>
      <input_file id="fl-8">
         <path>.\Tasks\</path>
         <kind>object</kind>
         <file>Task_PID.obj</file>
         <name>Task_PID.obj</name>
      </input_file>
      <input_file id="fl-9">
         <path>.\Tasks\</path>
         <kind>object</kind>
         <file>Task_ReportTime.obj</file>
         <name>Task_ReportTime.obj</name>
      </input_file>
      <input_file id="fl-a">
         <path>.\Tasks\</path>
         <kind>object</kind>
         <file>Task_Simple_ADC.obj</file>
         <name>Task_Simple_ADC.obj</name>
      </input_file>
      <input_file id="fl-b">
         <path>.\Tasks\</path>
         <kind>object</kind>
         <file>Task_tempConvert.obj</file>
         <name>Task_tempConvert.obj</name>
      </input_file>
      <input_file id="fl-c">
         <path>.\Source\</path>
         <kind>object</kind>
         <file>croutine.obj</file>
         <name>croutine.obj</name>
      </input_file>
      <input_file id="fl-d">
         <path>.\Source\</path>
         <kind>object</kind>
         <file>event_groups.obj</file>
         <name>event_groups.obj</name>
      </input_file>
      <input_file id="fl-e">
         <path>.\Source\</path>
         <kind>object</kind>
         <file>list.obj</file>
         <name>list.obj</name>
      </input_file>
      <input_file id="fl-f">
         <path>.\Source\</path>
         <kind>object</kind>
         <file>queue.obj</file>
         <name>queue.obj</name>
      </input_file>
      <input_file id="fl-10">
         <path>.\Source\</path>
         <kind>object</kind>
         <file>tasks.obj</file>
         <name>tasks.obj</name>
      </input_file>
      <input_file id="fl-11">
         <path>.\Source\</path>
         <kind>object</kind>
         <file>timers.obj</file>
         <name>timers.obj</name>
      </input_file>
      <input_file id="fl-12">
         <path>.\Source\</path>
         <kind>object</kind>
         <file>uartstdio.obj</file>
         <name>uartstdio.obj</name>
      </input_file>
      <input_file id="fl-13">
         <path>.\Source\portable\CCS\ARM_CM4F\</path>
         <kind>object</kind>
         <file>port.obj</file>
         <name>port.obj</name>
      </input_file>
      <input_file id="fl-14">
         <path>.\Source\portable\CCS\ARM_CM4F\</path>
         <kind>object</kind>
         <file>portasm.obj</file>
         <name>portasm.obj</name>
      </input_file>
      <input_file id="fl-15">
         <path>.\Drivers\</path>
         <kind>object</kind>
         <file>Processor_Initialization_TM4C1294.obj</file>
         <name>Processor_Initialization_TM4C1294.obj</name>
      </input_file>
      <input_file id="fl-13c">
         <path>C:\TI_CodeComposer\ccsv6\tools\compiler\ti-cgt-arm_5.2.2\lib\</path>
         <kind>archive</kind>
         <file>rtsv7M4_T_le_v4SPD16_eabi.lib</file>
         <name>boot.obj</name>
      </input_file>
      <input_file id="fl-13d">
         <path>C:\TI_CodeComposer\ccsv6\tools\compiler\ti-cgt-arm_5.2.2\lib\</path>
         <kind>archive</kind>
         <file>rtsv7M4_T_le_v4SPD16_eabi.lib</file>
         <name>copy_decompress_none.obj</name>
      </input_file>
      <input_file id="fl-13e">
         <path>C:\TI_CodeComposer\ccsv6\tools\compiler\ti-cgt-arm_5.2.2\lib\</path>
         <kind>archive</kind>
         <file>rtsv7M4_T_le_v4SPD16_eabi.lib</file>
         <name>copy_decompress_rle.obj</name>
      </input_file>
      <input_file id="fl-13f">
         <path>C:\TI_CodeComposer\ccsv6\tools\compiler\ti-cgt-arm_5.2.2\lib\</path>
         <kind>archive</kind>
         <file>rtsv7M4_T_le_v4SPD16_eabi.lib</file>
         <name>copy_zero_init.obj</name>
      </input_file>
      <input_file id="fl-140">
         <path>C:\TI_CodeComposer\ccsv6\tools\compiler\ti-cgt-arm_5.2.2\lib\</path>
         <kind>archive</kind>
         <file>rtsv7M4_T_le_v4SPD16_eabi.lib</file>
         <name>exit.obj</name>
      </input_file>
      <input_file id="fl-141">
         <path>C:\TI_CodeComposer\ccsv6\tools\compiler\ti-cgt-arm_5.2.2\lib\</path>
         <kind>archive</kind>
         <file>rtsv7M4_T_le_v4SPD16_eabi.lib</file>
         <name>memcpy_t2.obj</name>
      </input_file>
      <input_file id="fl-142">
         <path>C:\TI_CodeComposer\ccsv6\tools\compiler\ti-cgt-arm_5.2.2\lib\</path>
         <kind>archive</kind>
         <file>rtsv7M4_T_le_v4SPD16_eabi.lib</file>
         <name>memset_t2.obj</name>
      </input_file>
      <input_file id="fl-143">
         <path>C:\TI_CodeComposer\ccsv6\tools\compiler\ti-cgt-arm_5.2.2\lib\</path>
         <kind>archive</kind>
         <file>rtsv7M4_T_le_v4SPD16_eabi.lib</file>
         <name>pre_init.obj</name>
      </input_file>
      <input_file id="fl-144">
         <path>C:\TI_CodeComposer\ccsv6\tools\compiler\ti-cgt-arm_5.2.2\lib\</path>
         <kind>archive</kind>
         <file>rtsv7M4_T_le_v4SPD16_eabi.lib</file>
         <name>stkdepth_vars.obj</name>
      </input_file>
      <input_file id="fl-145">
         <path>C:\TI_CodeComposer\ccsv6\tools\compiler\ti-cgt-arm_5.2.2\lib\</path>
         <kind>archive</kind>
         <file>rtsv7M4_T_le_v4SPD16_eabi.lib</file>
         <name>u_divt2.obj</name>
      </input_file>
      <input_file id="fl-146">
         <path>C:\TI_CodeComposer\ccsv6\tools\compiler\ti-cgt-arm_5.2.2\lib\</path>
         <kind>archive</kind>
         <file>rtsv7M4_T_le_v4SPD16_eabi.lib</file>
         <name>_lock.obj</name>
      </input_file>
      <input_file id="fl-147">
         <path>C:\TI_CodeComposer\ccsv6\tools\compiler\ti-cgt-arm_5.2.2\lib\</path>
         <kind>archive</kind>
         <file>rtsv7M4_T_le_v4SPD16_eabi.lib</file>
         <name>args_main.obj</name>
      </input_file>
      <input_file id="fl-148">
         <path>C:\TI_CodeComposer\ccsv6\tools\compiler\ti-cgt-arm_5.2.2\lib\</path>
         <kind>archive</kind>
         <file>rtsv7M4_T_le_v4SPD16_eabi.lib</file>
         <name>autoinit.obj</name>
      </input_file>
      <input_file id="fl-149">
         <path>C:\TI_CodeComposer\ccsv6\tools\compiler\ti-cgt-arm_5.2.2\lib\</path>
         <kind>archive</kind>
         <file>rtsv7M4_T_le_v4SPD16_eabi.lib</file>
         <name>cpy_tbl.obj</name>
      </input_file>
      <input_file id="fl-14a">
         <path>C:\TI_CodeComposer\TivaWare\driverlib\ccs\Debug\</path>
         <kind>archive</kind>
         <file>driverlib.lib</file>
         <name>uart.obj</name>
      </input_file>
      <input_file id="fl-14b">
         <path>C:\TI_CodeComposer\TivaWare\driverlib\ccs\Debug\</path>
         <kind>archive</kind>
         <file>driverlib.lib</file>
         <name>sysctl.obj</name>
      </input_file>
      <input_file id="fl-14c">
         <path>C:\TI_CodeComposer\TivaWare\driverlib\ccs\Debug\</path>
         <kind>archive</kind>
         <file>driverlib.lib</file>
         <name>interrupt.obj</name>
      </input_file>
      <input_file id="fl-14d">
         <path>C:\TI_CodeComposer\TivaWare\driverlib\ccs\Debug\</path>
         <kind>archive</kind>
         <file>driverlib.lib</file>
         <name>gpio.obj</name>
      </input_file>
      <input_file id="fl-14e">
         <path>C:\TI_CodeComposer\TivaWare\driverlib\ccs\Debug\</path>
         <kind>archive</kind>
         <file>driverlib.lib</file>
         <name>cpu.obj</name>
      </input_file>
      <input_file id="fl-14f">
         <path>C:\TI_CodeComposer\TivaWare\driverlib\ccs\Debug\</path>
         <kind>archive</kind>
         <file>driverlib.lib</file>
         <name>adc.obj</name>
      </input_file>
   </input_file_list>
   <object_component_list>
      <object_component id="oc-f">
         <name>.intvecs</name>
         <load_address>0x0</load_address>
         <run_address>0x0</run_address>
         <size>0x200</size>
         <input_file_ref idref="fl-3"/>
      </object_component>
      <object_component id="oc-8b">
         <name>.text</name>
         <load_address>0x200</load_address>
         <run_address>0x200</run_address>
         <size>0x17d0</size>
         <input_file_ref idref="fl-10"/>
      </object_component>
      <object_component id="oc-183">
         <name>.text</name>
         <load_address>0x19d0</load_address>
         <run_address>0x19d0</run_address>
         <size>0xa08</size>
         <input_file_ref idref="fl-f"/>
      </object_component>
      <object_component id="oc-e7">
         <name>.text</name>
         <load_address>0x23d8</load_address>
         <run_address>0x23d8</run_address>
         <size>0x538</size>
         <input_file_ref idref="fl-11"/>
      </object_component>
      <object_component id="oc-13f">
         <name>.text</name>
         <load_address>0x2910</load_address>
         <run_address>0x2910</run_address>
         <size>0x49c</size>
         <input_file_ref idref="fl-12"/>
      </object_component>
      <object_component id="oc-1af">
         <name>.text:SysCtlClockFreqSet</name>
         <load_address>0x2dac</load_address>
         <run_address>0x2dac</run_address>
         <size>0x1fc</size>
         <input_file_ref idref="fl-14b"/>
      </object_component>
      <object_component id="oc-f1">
         <name>.text</name>
         <load_address>0x2fa8</load_address>
         <run_address>0x2fa8</run_address>
         <size>0x1b8</size>
         <input_file_ref idref="fl-4"/>
      </object_component>
      <object_component id="oc-38">
         <name>.text</name>
         <load_address>0x3160</load_address>
         <run_address>0x3160</run_address>
         <size>0x134</size>
         <input_file_ref idref="fl-13"/>
      </object_component>
      <object_component id="oc-1cd">
         <name>.text:GPIOPadConfigSet</name>
         <load_address>0x3294</load_address>
         <run_address>0x3294</run_address>
         <size>0x130</size>
         <input_file_ref idref="fl-14d"/>
      </object_component>
      <object_component id="oc-dd">
         <name>.text</name>
         <load_address>0x33c4</load_address>
         <run_address>0x33c4</run_address>
         <size>0x12a</size>
         <input_file_ref idref="fl-e"/>
      </object_component>
      <object_component id="oc-c4">
         <name>.text</name>
         <load_address>0x34f0</load_address>
         <run_address>0x34f0</run_address>
         <size>0x120</size>
         <input_file_ref idref="fl-2"/>
      </object_component>
      <object_component id="oc-33">
         <name>.text</name>
         <load_address>0x3610</load_address>
         <run_address>0x3610</run_address>
         <size>0xd2</size>
         <input_file_ref idref="fl-14"/>
      </object_component>
      <object_component id="oc-151">
         <name>.text</name>
         <load_address>0x36e4</load_address>
         <run_address>0x36e4</run_address>
         <size>0xbc</size>
         <input_file_ref idref="fl-a"/>
      </object_component>
      <object_component id="oc-41">
         <name>.text</name>
         <load_address>0x37a0</load_address>
         <run_address>0x37a0</run_address>
         <size>0x9c</size>
         <input_file_ref idref="fl-141"/>
      </object_component>
      <object_component id="oc-157">
         <name>.text</name>
         <load_address>0x383c</load_address>
         <run_address>0x383c</run_address>
         <size>0x84</size>
         <input_file_ref idref="fl-7"/>
      </object_component>
      <object_component id="oc-225">
         <name>.text:ADCSequenceStepConfigure</name>
         <load_address>0x38c0</load_address>
         <run_address>0x38c0</run_address>
         <size>0x80</size>
         <input_file_ref idref="fl-14f"/>
      </object_component>
      <object_component id="oc-5a">
         <name>.text</name>
         <load_address>0x3940</load_address>
         <run_address>0x3940</run_address>
         <size>0x7a</size>
         <input_file_ref idref="fl-142"/>
      </object_component>
      <object_component id="oc-6c">
         <name>.text</name>
         <load_address>0x39bc</load_address>
         <run_address>0x39bc</run_address>
         <size>0x6c</size>
         <input_file_ref idref="fl-148"/>
      </object_component>
      <object_component id="oc-4d">
         <name>.text</name>
         <load_address>0x3a28</load_address>
         <run_address>0x3a28</run_address>
         <size>0x6a</size>
         <input_file_ref idref="fl-13e"/>
      </object_component>
      <object_component id="oc-24">
         <name>.text</name>
         <load_address>0x3a94</load_address>
         <run_address>0x3a94</run_address>
         <size>0x50</size>
         <input_file_ref idref="fl-13c"/>
      </object_component>
      <object_component id="oc-145">
         <name>.text</name>
         <load_address>0x3ae4</load_address>
         <run_address>0x3ae4</run_address>
         <size>0x4c</size>
         <input_file_ref idref="fl-5"/>
      </object_component>
      <object_component id="oc-bc">
         <name>.text</name>
         <load_address>0x3b30</load_address>
         <run_address>0x3b30</run_address>
         <size>0x4c</size>
         <input_file_ref idref="fl-149"/>
      </object_component>
      <object_component id="oc-12d">
         <name>.text:GPIOPinConfigure</name>
         <load_address>0x3b7c</load_address>
         <run_address>0x3b7c</run_address>
         <size>0x48</size>
         <input_file_ref idref="fl-14d"/>
      </object_component>
      <object_component id="oc-278">
         <name>.text:_SysCtlFrequencyGet</name>
         <load_address>0x3bc4</load_address>
         <run_address>0x3bc4</run_address>
         <size>0x48</size>
         <input_file_ref idref="fl-14b"/>
      </object_component>
      <object_component id="oc-78">
         <name>.text</name>
         <load_address>0x3c0c</load_address>
         <run_address>0x3c0c</run_address>
         <size>0x44</size>
         <input_file_ref idref="fl-140"/>
      </object_component>
      <object_component id="oc-1f8">
         <name>.text</name>
         <load_address>0x3c50</load_address>
         <run_address>0x3c50</run_address>
         <size>0x42</size>
         <input_file_ref idref="fl-145"/>
      </object_component>
      <object_component id="oc-1da">
         <name>.text:UARTConfigSetExpClk</name>
         <load_address>0x3c92</load_address>
         <run_address>0x3c92</run_address>
         <size>0x40</size>
         <input_file_ref idref="fl-14a"/>
      </object_component>
      <object_component id="oc-21f">
         <name>.text:ADCSequenceConfigure</name>
         <load_address>0x3cd2</load_address>
         <run_address>0x3cd2</run_address>
         <size>0x3e</size>
         <input_file_ref idref="fl-14f"/>
      </object_component>
      <object_component id="oc-121">
         <name>.text</name>
         <load_address>0x3d10</load_address>
         <run_address>0x3d10</run_address>
         <size>0x38</size>
         <input_file_ref idref="fl-15"/>
      </object_component>
      <object_component id="oc-127">
         <name>.text:SysCtlPeripheralEnable</name>
         <load_address>0x3d48</load_address>
         <run_address>0x3d48</run_address>
         <size>0x34</size>
         <input_file_ref idref="fl-14b"/>
      </object_component>
      <object_component id="oc-1d4">
         <name>.text:SysCtlPeripheralPresent</name>
         <load_address>0x3d7c</load_address>
         <run_address>0x3d7c</run_address>
         <size>0x34</size>
         <input_file_ref idref="fl-14b"/>
      </object_component>
      <object_component id="oc-237">
         <name>.text:ADCIntStatus</name>
         <load_address>0x3db0</load_address>
         <run_address>0x3db0</run_address>
         <size>0x2e</size>
         <input_file_ref idref="fl-14f"/>
      </object_component>
      <object_component id="oc-1c7">
         <name>.text:GPIODirModeSet</name>
         <load_address>0x3dde</load_address>
         <run_address>0x3dde</run_address>
         <size>0x2a</size>
         <input_file_ref idref="fl-14d"/>
      </object_component>
      <object_component id="oc-23d">
         <name>.text:ADCSequenceDataGet</name>
         <load_address>0x3e08</load_address>
         <run_address>0x3e08</run_address>
         <size>0x1e</size>
         <input_file_ref idref="fl-14f"/>
      </object_component>
      <object_component id="oc-29f">
         <name>.text:UARTDisable</name>
         <load_address>0x3e28</load_address>
         <run_address>0x3e28</run_address>
         <size>0x1c</size>
         <input_file_ref idref="fl-14a"/>
      </object_component>
      <object_component id="oc-272">
         <name>.text:_SysCtlMemTimingGet</name>
         <load_address>0x3e44</load_address>
         <run_address>0x3e44</run_address>
         <size>0x1c</size>
         <input_file_ref idref="fl-14b"/>
      </object_component>
      <object_component id="oc-209">
         <name>.text:GPIOPinTypeGPIOOutput</name>
         <load_address>0x3e60</load_address>
         <run_address>0x3e60</run_address>
         <size>0x18</size>
         <input_file_ref idref="fl-14d"/>
      </object_component>
      <object_component id="oc-72">
         <name>.text</name>
         <load_address>0x3e78</load_address>
         <run_address>0x3e78</run_address>
         <size>0x18</size>
         <input_file_ref idref="fl-147"/>
      </object_component>
      <object_component id="oc-231">
         <name>.text:ADCProcessorTrigger</name>
         <load_address>0x3e90</load_address>
         <run_address>0x3e90</run_address>
         <size>0x16</size>
         <input_file_ref idref="fl-14f"/>
      </object_component>
      <object_component id="oc-1e0">
         <name>.text:UARTEnable</name>
         <load_address>0x3ea6</load_address>
         <run_address>0x3ea6</run_address>
         <size>0x14</size>
         <input_file_ref idref="fl-14a"/>
      </object_component>
      <object_component id="oc-165">
         <name>.text</name>
         <load_address>0x3ebc</load_address>
         <run_address>0x3ebc</run_address>
         <size>0x14</size>
         <input_file_ref idref="fl-146"/>
      </object_component>
      <object_component id="oc-139">
         <name>.text:GPIOPinTypeUART</name>
         <load_address>0x3ed0</load_address>
         <run_address>0x3ed0</run_address>
         <size>0x12</size>
         <input_file_ref idref="fl-14d"/>
      </object_component>
      <object_component id="oc-22b">
         <name>.text:ADCSequenceEnable</name>
         <load_address>0x3ee2</load_address>
         <run_address>0x3ee2</run_address>
         <size>0xe</size>
         <input_file_ref idref="fl-14f"/>
      </object_component>
      <object_component id="oc-14b">
         <name>.text</name>
         <load_address>0x3ef0</load_address>
         <run_address>0x3ef0</run_address>
         <size>0xe</size>
         <input_file_ref idref="fl-9"/>
      </object_component>
      <object_component id="oc-12">
         <name>.text:decompress:none</name>
         <load_address>0x3efe</load_address>
         <run_address>0x3efe</run_address>
         <size>0xe</size>
         <input_file_ref idref="fl-13d"/>
      </object_component>
      <object_component id="oc-2d">
         <name>.text</name>
         <load_address>0x3f0c</load_address>
         <run_address>0x3f0c</run_address>
         <size>0xc</size>
         <input_file_ref idref="fl-3"/>
      </object_component>
      <object_component id="oc-1e">
         <name>.text:decompress:ZI</name>
         <load_address>0x3f18</load_address>
         <run_address>0x3f18</run_address>
         <size>0xc</size>
         <input_file_ref idref="fl-13f"/>
      </object_component>
      <object_component id="oc-243">
         <name>.text:ADCIntClear</name>
         <load_address>0x3f24</load_address>
         <run_address>0x3f24</run_address>
         <size>0xa</size>
         <input_file_ref idref="fl-14f"/>
      </object_component>
      <object_component id="oc-1ec">
         <name>.text:UARTCharGet</name>
         <load_address>0x3f2e</load_address>
         <run_address>0x3f2e</run_address>
         <size>0xa</size>
         <input_file_ref idref="fl-14a"/>
      </object_component>
      <object_component id="oc-1e6">
         <name>.text:UARTCharPut</name>
         <load_address>0x3f38</load_address>
         <run_address>0x3f38</run_address>
         <size>0xa</size>
         <input_file_ref idref="fl-14a"/>
      </object_component>
      <object_component id="oc-20f">
         <name>.text:GPIOPinRead</name>
         <load_address>0x3f42</load_address>
         <run_address>0x3f42</run_address>
         <size>0x6</size>
         <input_file_ref idref="fl-14d"/>
      </object_component>
      <object_component id="oc-215">
         <name>.text:GPIOPinWrite</name>
         <load_address>0x3f48</load_address>
         <run_address>0x3f48</run_address>
         <size>0x6</size>
         <input_file_ref idref="fl-14d"/>
      </object_component>
      <object_component id="oc-133">
         <name>.text:UARTClockSourceSet</name>
         <load_address>0x3f4e</load_address>
         <run_address>0x3f4e</run_address>
         <size>0x6</size>
         <input_file_ref idref="fl-14a"/>
      </object_component>
      <object_component id="oc-18">
         <name>.text:decompress:rle24</name>
         <load_address>0x3f54</load_address>
         <run_address>0x3f54</run_address>
         <size>0x6</size>
         <input_file_ref idref="fl-13e"/>
      </object_component>
      <object_component id="oc-66">
         <name>.text</name>
         <load_address>0x3f5a</load_address>
         <run_address>0x3f5a</run_address>
         <size>0x4</size>
         <input_file_ref idref="fl-143"/>
      </object_component>
      <object_component id="oc-281">
         <name>.const:g_pppui32XTALtoVCO</name>
         <load_address>0x3f60</load_address>
         <run_address>0x3f60</run_address>
         <size>0x120</size>
         <input_file_ref idref="fl-14b"/>
      </object_component>
      <object_component id="oc-1c0">
         <name>.const:g_pui32GPIOBaseAddrs</name>
         <load_address>0x4080</load_address>
         <run_address>0x4080</run_address>
         <size>0x90</size>
         <input_file_ref idref="fl-14d"/>
      </object_component>
      <object_component id="oc-27e">
         <name>.const:g_pui32Xtals</name>
         <load_address>0x4110</load_address>
         <run_address>0x4110</run_address>
         <size>0x6c</size>
         <input_file_ref idref="fl-14b"/>
      </object_component>
      <object_component id="oc-2db">
         <name>.const:g_sXTALtoMEMTIM</name>
         <load_address>0x417c</load_address>
         <run_address>0x417c</run_address>
         <size>0x30</size>
         <input_file_ref idref="fl-14b"/>
      </object_component>
      <object_component id="oc-1f2">
         <name>.const</name>
         <load_address>0x41ac</load_address>
         <run_address>0x41ac</run_address>
         <size>0x1c</size>
         <input_file_ref idref="fl-12"/>
      </object_component>
      <object_component id="oc-2a9">
         <name>.const:.string</name>
         <load_address>0x41c8</load_address>
         <run_address>0x41c8</run_address>
         <size>0x12</size>
         <input_file_ref idref="fl-12"/>
      </object_component>
      <object_component id="oc-1a2">
         <name>.const</name>
         <load_address>0x41da</load_address>
         <run_address>0x41da</run_address>
         <size>0x2</size>
         <input_file_ref idref="fl-4"/>
      </object_component>
      <object_component id="oc-284">
         <name>.const</name>
         <load_address>0x41dc</load_address>
         <run_address>0x41dc</run_address>
         <size>0x8</size>
         <input_file_ref idref="fl-14b"/>
      </object_component>
      <object_component id="oc-88">
         <name>.const</name>
         <load_address>0x41e4</load_address>
         <run_address>0x41e4</run_address>
         <size>0x4</size>
         <input_file_ref idref="fl-13"/>
      </object_component>
      <object_component id="oc-30e">
         <name>.cinit..data.load</name>
         <load_address>0x41e8</load_address>
         <run_address>0x41e8</run_address>
         <size>0x1d</size>
      </object_component>
      <object_component id="oc-30c">
         <name>__TI_handler_table</name>
         <load_address>0x4208</load_address>
         <run_address>0x4208</run_address>
         <size>0xc</size>
      </object_component>
      <object_component id="oc-30f">
         <name>.cinit..bss.load</name>
         <load_address>0x4218</load_address>
         <run_address>0x4218</run_address>
         <size>0x8</size>
      </object_component>
      <object_component id="oc-30d">
         <name>__TI_cinit_table</name>
         <load_address>0x4220</load_address>
         <run_address>0x4220</run_address>
         <size>0x10</size>
      </object_component>
      <object_component id="oc-29">
         <name>.stack</name>
         <uninitialized>true</uninitialized>
         <run_address>0x2000c5a4</run_address>
         <size>0x0</size>
         <input_file_ref idref="fl-13c"/>
      </object_component>
      <object_component id="oc-310">
         <name>.stack</name>
         <uninitialized>true</uninitialized>
         <run_address>0x2000c5a4</run_address>
         <size>0x0</size>
      </object_component>
      <object_component id="oc-2a">
         <name>.bss:pulStack</name>
         <uninitialized>true</uninitialized>
         <run_address>0x2000c350</run_address>
         <size>0x100</size>
         <input_file_ref idref="fl-3"/>
      </object_component>
      <object_component id="oc-19e">
         <name>.bss:xHeap</name>
         <uninitialized>true</uninitialized>
         <run_address>0x20000000</run_address>
         <size>0xc350</size>
         <input_file_ref idref="fl-4"/>
      </object_component>
      <object_component id="oc-257">
         <name>.bss:xQueueRegistry</name>
         <uninitialized>true</uninitialized>
         <run_address>0x2000c4b4</run_address>
         <size>0x40</size>
         <input_file_ref idref="fl-f"/>
      </object_component>
      <object_component id="oc-e3">
         <name>.bss:pxReadyTasksLists</name>
         <uninitialized>true</uninitialized>
         <run_address>0x2000c450</run_address>
         <size>0x64</size>
         <input_file_ref idref="fl-10"/>
      </object_component>
      <object_component id="oc-19b">
         <name>.common:xStart</name>
         <uninitialized>true</uninitialized>
         <run_address>0x2000c588</run_address>
         <size>0x8</size>
      </object_component>
      <object_component id="oc-1a1">
         <name>.common:xEnd</name>
         <uninitialized>true</uninitialized>
         <run_address>0x2000c580</run_address>
         <size>0x8</size>
      </object_component>
      <object_component id="oc-249">
         <name>.common:queue1</name>
         <uninitialized>true</uninitialized>
         <run_address>0x2000c5a0</run_address>
         <size>0x4</size>
      </object_component>
      <object_component id="oc-f7">
         <name>.common:xDelayedTaskList1</name>
         <uninitialized>true</uninitialized>
         <run_address>0x2000c51c</run_address>
         <size>0x14</size>
      </object_component>
      <object_component id="oc-f8">
         <name>.common:xDelayedTaskList2</name>
         <uninitialized>true</uninitialized>
         <run_address>0x2000c530</run_address>
         <size>0x14</size>
      </object_component>
      <object_component id="oc-ef">
         <name>.common:pxDelayedTaskList</name>
         <uninitialized>true</uninitialized>
         <run_address>0x2000c594</run_address>
         <size>0x4</size>
      </object_component>
      <object_component id="oc-f0">
         <name>.common:pxOverflowDelayedTaskList</name>
         <uninitialized>true</uninitialized>
         <run_address>0x2000c598</run_address>
         <size>0x4</size>
      </object_component>
      <object_component id="oc-ee">
         <name>.common:xPendingReadyList</name>
         <uninitialized>true</uninitialized>
         <run_address>0x2000c544</run_address>
         <size>0x14</size>
      </object_component>
      <object_component id="oc-e6">
         <name>.common:xTasksWaitingTermination</name>
         <uninitialized>true</uninitialized>
         <run_address>0x2000c56c</run_address>
         <size>0x14</size>
      </object_component>
      <object_component id="oc-ed">
         <name>.common:xSuspendedTaskList</name>
         <uninitialized>true</uninitialized>
         <run_address>0x2000c558</run_address>
         <size>0x14</size>
      </object_component>
      <object_component id="oc-190">
         <name>.common:xActiveTimerList1</name>
         <uninitialized>true</uninitialized>
         <run_address>0x2000c4f4</run_address>
         <size>0x14</size>
      </object_component>
      <object_component id="oc-191">
         <name>.common:xActiveTimerList2</name>
         <uninitialized>true</uninitialized>
         <run_address>0x2000c508</run_address>
         <size>0x14</size>
      </object_component>
      <object_component id="oc-18c">
         <name>.common:pxCurrentTimerList</name>
         <uninitialized>true</uninitialized>
         <run_address>0x2000c590</run_address>
         <size>0x4</size>
      </object_component>
      <object_component id="oc-18f">
         <name>.common:pxOverflowTimerList</name>
         <uninitialized>true</uninitialized>
         <run_address>0x2000c59c</run_address>
         <size>0x4</size>
      </object_component>
      <object_component id="oc-198">
         <name>.data</name>
         <load_address>0x2000cde4</load_address>
         <run_address>0x2000cde4</run_address>
         <size>0x8</size>
         <input_file_ref idref="fl-4"/>
      </object_component>
      <object_component id="oc-85">
         <name>.data</name>
         <load_address>0x2000cda4</load_address>
         <run_address>0x2000cda4</run_address>
         <size>0x30</size>
         <input_file_ref idref="fl-10"/>
      </object_component>
      <object_component id="oc-189">
         <name>.data</name>
         <load_address>0x2000ce04</load_address>
         <run_address>0x2000ce04</run_address>
         <size>0x8</size>
         <input_file_ref idref="fl-11"/>
      </object_component>
      <object_component id="oc-1f5">
         <name>.data</name>
         <load_address>0x2000ce0c</load_address>
         <run_address>0x2000ce0c</run_address>
         <size>0x5</size>
         <input_file_ref idref="fl-12"/>
      </object_component>
      <object_component id="oc-92">
         <name>.data</name>
         <load_address>0x2000cdec</load_address>
         <run_address>0x2000cdec</run_address>
         <size>0x8</size>
         <input_file_ref idref="fl-13"/>
      </object_component>
      <object_component id="oc-1b5">
         <name>.data</name>
         <load_address>0x2000cdd4</load_address>
         <run_address>0x2000cdd4</run_address>
         <size>0x10</size>
         <input_file_ref idref="fl-15"/>
      </object_component>
      <object_component id="oc-cf">
         <name>.data</name>
         <load_address>0x2000cdfc</load_address>
         <run_address>0x2000cdfc</run_address>
         <size>0x8</size>
         <input_file_ref idref="fl-140"/>
      </object_component>
      <object_component id="oc-7e">
         <name>.data</name>
         <load_address>0x2000ce14</load_address>
         <run_address>0x2000ce14</run_address>
         <size>0x4</size>
         <input_file_ref idref="fl-144"/>
      </object_component>
      <object_component id="oc-cc">
         <name>.data</name>
         <load_address>0x2000cdf4</load_address>
         <run_address>0x2000cdf4</run_address>
         <size>0x8</size>
         <input_file_ref idref="fl-146"/>
      </object_component>
      <object_component id="oc-112">
         <name>.debug_info</name>
         <load_address>0x0</load_address>
         <run_address>0x0</run_address>
         <size>0x434</size>
         <input_file_ref idref="fl-2"/>
      </object_component>
      <object_component id="oc-c5">
         <name>.debug_info</name>
         <load_address>0x434</load_address>
         <run_address>0x434</run_address>
         <size>0x28b</size>
         <input_file_ref idref="fl-2"/>
      </object_component>
      <object_component id="oc-fa">
         <name>.debug_info</name>
         <load_address>0x6bf</load_address>
         <run_address>0x6bf</run_address>
         <size>0x2ef</size>
         <input_file_ref idref="fl-2"/>
      </object_component>
      <object_component id="oc-a3">
         <name>.debug_info</name>
         <load_address>0x9ae</load_address>
         <run_address>0x9ae</run_address>
         <size>0x84</size>
         <input_file_ref idref="fl-2"/>
      </object_component>
      <object_component id="oc-97">
         <name>.debug_info</name>
         <load_address>0xa32</load_address>
         <run_address>0xa32</run_address>
         <size>0x2c</size>
         <input_file_ref idref="fl-2"/>
      </object_component>
      <object_component id="oc-ff">
         <name>.debug_info</name>
         <load_address>0xa5e</load_address>
         <run_address>0xa5e</run_address>
         <size>0x18b</size>
         <input_file_ref idref="fl-2"/>
      </object_component>
      <object_component id="oc-9c">
         <name>.debug_info</name>
         <load_address>0xbe9</load_address>
         <run_address>0xbe9</run_address>
         <size>0xae</size>
         <input_file_ref idref="fl-2"/>
      </object_component>
      <object_component id="oc-204">
         <name>.debug_info</name>
         <load_address>0xc97</load_address>
         <run_address>0xc97</run_address>
         <size>0x4e</size>
         <input_file_ref idref="fl-2"/>
      </object_component>
      <object_component id="oc-10d">
         <name>.debug_info</name>
         <load_address>0xce5</load_address>
         <run_address>0xce5</run_address>
         <size>0x14c</size>
         <input_file_ref idref="fl-2"/>
      </object_component>
      <object_component id="oc-40">
         <name>.debug_info</name>
         <load_address>0xe31</load_address>
         <run_address>0xe31</run_address>
         <size>0x188</size>
         <input_file_ref idref="fl-3"/>
      </object_component>
      <object_component id="oc-2b">
         <name>.debug_info</name>
         <load_address>0xfb9</load_address>
         <run_address>0xfb9</run_address>
         <size>0xf1</size>
         <input_file_ref idref="fl-3"/>
      </object_component>
      <object_component id="oc-10">
         <name>.debug_info</name>
         <load_address>0x10aa</load_address>
         <run_address>0x10aa</run_address>
         <size>0xfa</size>
         <input_file_ref idref="fl-3"/>
      </object_component>
      <object_component id="oc-2e">
         <name>.debug_info</name>
         <load_address>0x11a4</load_address>
         <run_address>0x11a4</run_address>
         <size>0x286</size>
         <input_file_ref idref="fl-3"/>
      </object_component>
      <object_component id="oc-19c">
         <name>.debug_info</name>
         <load_address>0x142a</load_address>
         <run_address>0x142a</run_address>
         <size>0x205</size>
         <input_file_ref idref="fl-4"/>
      </object_component>
      <object_component id="oc-19f">
         <name>.debug_info</name>
         <load_address>0x162f</load_address>
         <run_address>0x162f</run_address>
         <size>0xd7</size>
         <input_file_ref idref="fl-4"/>
      </object_component>
      <object_component id="oc-1a3">
         <name>.debug_info</name>
         <load_address>0x1706</load_address>
         <run_address>0x1706</run_address>
         <size>0xeb</size>
         <input_file_ref idref="fl-4"/>
      </object_component>
      <object_component id="oc-199">
         <name>.debug_info</name>
         <load_address>0x17f1</load_address>
         <run_address>0x17f1</run_address>
         <size>0xf3</size>
         <input_file_ref idref="fl-4"/>
      </object_component>
      <object_component id="oc-f2">
         <name>.debug_info</name>
         <load_address>0x18e4</load_address>
         <run_address>0x18e4</run_address>
         <size>0x485</size>
         <input_file_ref idref="fl-4"/>
      </object_component>
      <object_component id="oc-175">
         <name>.debug_info</name>
         <load_address>0x1d69</load_address>
         <run_address>0x1d69</run_address>
         <size>0x110</size>
         <input_file_ref idref="fl-4"/>
      </object_component>
      <object_component id="oc-269">
         <name>.debug_info</name>
         <load_address>0x1e79</load_address>
         <run_address>0x1e79</run_address>
         <size>0xa7</size>
         <input_file_ref idref="fl-4"/>
      </object_component>
      <object_component id="oc-21c">
         <name>.debug_info</name>
         <load_address>0x1f20</load_address>
         <run_address>0x1f20</run_address>
         <size>0x284</size>
         <input_file_ref idref="fl-5"/>
      </object_component>
      <object_component id="oc-146">
         <name>.debug_info</name>
         <load_address>0x21a4</load_address>
         <run_address>0x21a4</run_address>
         <size>0x21c</size>
         <input_file_ref idref="fl-5"/>
      </object_component>
      <object_component id="oc-250">
         <name>.debug_info</name>
         <load_address>0x23c0</load_address>
         <run_address>0x23c0</run_address>
         <size>0x25b</size>
         <input_file_ref idref="fl-7"/>
      </object_component>
      <object_component id="oc-158">
         <name>.debug_info</name>
         <load_address>0x261b</load_address>
         <run_address>0x261b</run_address>
         <size>0x288</size>
         <input_file_ref idref="fl-7"/>
      </object_component>
      <object_component id="oc-21e">
         <name>.debug_info</name>
         <load_address>0x28a3</load_address>
         <run_address>0x28a3</run_address>
         <size>0x168</size>
         <input_file_ref idref="fl-9"/>
      </object_component>
      <object_component id="oc-14c">
         <name>.debug_info</name>
         <load_address>0x2a0b</load_address>
         <run_address>0x2a0b</run_address>
         <size>0x195</size>
         <input_file_ref idref="fl-9"/>
      </object_component>
      <object_component id="oc-24a">
         <name>.debug_info</name>
         <load_address>0x2ba0</load_address>
         <run_address>0x2ba0</run_address>
         <size>0x45e</size>
         <input_file_ref idref="fl-a"/>
      </object_component>
      <object_component id="oc-152">
         <name>.debug_info</name>
         <load_address>0x2ffe</load_address>
         <run_address>0x2ffe</run_address>
         <size>0x2d6</size>
         <input_file_ref idref="fl-a"/>
      </object_component>
      <object_component id="oc-1fe">
         <name>.debug_info</name>
         <load_address>0x32d4</load_address>
         <run_address>0x32d4</run_address>
         <size>0x8b</size>
         <input_file_ref idref="fl-a"/>
      </object_component>
      <object_component id="oc-25b">
         <name>.debug_info</name>
         <load_address>0x335f</load_address>
         <run_address>0x335f</run_address>
         <size>0x46</size>
         <input_file_ref idref="fl-a"/>
      </object_component>
      <object_component id="oc-24c">
         <name>.debug_info</name>
         <load_address>0x33a5</load_address>
         <run_address>0x33a5</run_address>
         <size>0x2b2</size>
         <input_file_ref idref="fl-b"/>
      </object_component>
      <object_component id="oc-254">
         <name>.debug_info</name>
         <load_address>0x3657</load_address>
         <run_address>0x3657</run_address>
         <size>0x441</size>
         <input_file_ref idref="fl-d"/>
      </object_component>
      <object_component id="oc-2c8">
         <name>.debug_info</name>
         <load_address>0x3a98</load_address>
         <run_address>0x3a98</run_address>
         <size>0x39</size>
         <input_file_ref idref="fl-d"/>
      </object_component>
      <object_component id="oc-17a">
         <name>.debug_info</name>
         <load_address>0x3ad1</load_address>
         <run_address>0x3ad1</run_address>
         <size>0x46</size>
         <input_file_ref idref="fl-d"/>
      </object_component>
      <object_component id="oc-2cd">
         <name>.debug_info</name>
         <load_address>0x3b17</load_address>
         <run_address>0x3b17</run_address>
         <size>0x84</size>
         <input_file_ref idref="fl-d"/>
      </object_component>
      <object_component id="oc-180">
         <name>.debug_info</name>
         <load_address>0x3b9b</load_address>
         <run_address>0x3b9b</run_address>
         <size>0x150</size>
         <input_file_ref idref="fl-e"/>
      </object_component>
      <object_component id="oc-de">
         <name>.debug_info</name>
         <load_address>0x3ceb</load_address>
         <run_address>0x3ceb</run_address>
         <size>0x5c7</size>
         <input_file_ref idref="fl-e"/>
      </object_component>
      <object_component id="oc-260">
         <name>.debug_info</name>
         <load_address>0x42b2</load_address>
         <run_address>0x42b2</run_address>
         <size>0x636</size>
         <input_file_ref idref="fl-f"/>
      </object_component>
      <object_component id="oc-258">
         <name>.debug_info</name>
         <load_address>0x48e8</load_address>
         <run_address>0x48e8</run_address>
         <size>0x10b</size>
         <input_file_ref idref="fl-f"/>
      </object_component>
      <object_component id="oc-184">
         <name>.debug_info</name>
         <load_address>0x49f3</load_address>
         <run_address>0x49f3</run_address>
         <size>0x2ddc</size>
         <input_file_ref idref="fl-f"/>
      </object_component>
      <object_component id="oc-2d6">
         <name>.debug_info</name>
         <load_address>0x77cf</load_address>
         <run_address>0x77cf</run_address>
         <size>0x1db</size>
         <input_file_ref idref="fl-f"/>
      </object_component>
      <object_component id="oc-d9">
         <name>.debug_info</name>
         <load_address>0x79aa</load_address>
         <run_address>0x79aa</run_address>
         <size>0x732</size>
         <input_file_ref idref="fl-10"/>
      </object_component>
      <object_component id="oc-86">
         <name>.debug_info</name>
         <load_address>0x80dc</load_address>
         <run_address>0x80dc</run_address>
         <size>0x314</size>
         <input_file_ref idref="fl-10"/>
      </object_component>
      <object_component id="oc-e4">
         <name>.debug_info</name>
         <load_address>0x83f0</load_address>
         <run_address>0x83f0</run_address>
         <size>0x110</size>
         <input_file_ref idref="fl-10"/>
      </object_component>
      <object_component id="oc-8c">
         <name>.debug_info</name>
         <load_address>0x8500</load_address>
         <run_address>0x8500</run_address>
         <size>0x4de8</size>
         <input_file_ref idref="fl-10"/>
      </object_component>
      <object_component id="oc-104">
         <name>.debug_info</name>
         <load_address>0xd2e8</load_address>
         <run_address>0xd2e8</run_address>
         <size>0x177</size>
         <input_file_ref idref="fl-10"/>
      </object_component>
      <object_component id="oc-18d">
         <name>.debug_info</name>
         <load_address>0xd45f</load_address>
         <run_address>0xd45f</run_address>
         <size>0x72b</size>
         <input_file_ref idref="fl-11"/>
      </object_component>
      <object_component id="oc-18a">
         <name>.debug_info</name>
         <load_address>0xdb8a</load_address>
         <run_address>0xdb8a</run_address>
         <size>0x105</size>
         <input_file_ref idref="fl-11"/>
      </object_component>
      <object_component id="oc-e8">
         <name>.debug_info</name>
         <load_address>0xdc8f</load_address>
         <run_address>0xdc8f</run_address>
         <size>0x1a3c</size>
         <input_file_ref idref="fl-11"/>
      </object_component>
      <object_component id="oc-193">
         <name>.debug_info</name>
         <load_address>0xf6cb</load_address>
         <run_address>0xf6cb</run_address>
         <size>0x1dc</size>
         <input_file_ref idref="fl-11"/>
      </object_component>
      <object_component id="oc-203">
         <name>.debug_info</name>
         <load_address>0xf8a7</load_address>
         <run_address>0xf8a7</run_address>
         <size>0x269</size>
         <input_file_ref idref="fl-12"/>
      </object_component>
      <object_component id="oc-1f6">
         <name>.debug_info</name>
         <load_address>0xfb10</load_address>
         <run_address>0xfb10</run_address>
         <size>0x106</size>
         <input_file_ref idref="fl-12"/>
      </object_component>
      <object_component id="oc-1f3">
         <name>.debug_info</name>
         <load_address>0xfc16</load_address>
         <run_address>0xfc16</run_address>
         <size>0x15c</size>
         <input_file_ref idref="fl-12"/>
      </object_component>
      <object_component id="oc-140">
         <name>.debug_info</name>
         <load_address>0xfd72</load_address>
         <run_address>0xfd72</run_address>
         <size>0x947</size>
         <input_file_ref idref="fl-12"/>
      </object_component>
      <object_component id="oc-96">
         <name>.debug_info</name>
         <load_address>0x106b9</load_address>
         <run_address>0x106b9</run_address>
         <size>0x226</size>
         <input_file_ref idref="fl-13"/>
      </object_component>
      <object_component id="oc-89">
         <name>.debug_info</name>
         <load_address>0x108df</load_address>
         <run_address>0x108df</run_address>
         <size>0x13e</size>
         <input_file_ref idref="fl-13"/>
      </object_component>
      <object_component id="oc-93">
         <name>.debug_info</name>
         <load_address>0x10a1d</load_address>
         <run_address>0x10a1d</run_address>
         <size>0x159</size>
         <input_file_ref idref="fl-13"/>
      </object_component>
      <object_component id="oc-39">
         <name>.debug_info</name>
         <load_address>0x10b76</load_address>
         <run_address>0x10b76</run_address>
         <size>0x86a</size>
         <input_file_ref idref="fl-13"/>
      </object_component>
      <object_component id="oc-34">
         <name>.debug_info</name>
         <load_address>0x113e0</load_address>
         <run_address>0x113e0</run_address>
         <size>0x286</size>
         <input_file_ref idref="fl-14"/>
      </object_component>
      <object_component id="oc-1b6">
         <name>.debug_info</name>
         <load_address>0x11666</load_address>
         <run_address>0x11666</run_address>
         <size>0x19c</size>
         <input_file_ref idref="fl-15"/>
      </object_component>
      <object_component id="oc-122">
         <name>.debug_info</name>
         <load_address>0x11802</load_address>
         <run_address>0x11802</run_address>
         <size>0x1b2</size>
         <input_file_ref idref="fl-15"/>
      </object_component>
      <object_component id="oc-26">
         <name>.debug_info</name>
         <load_address>0x119b4</load_address>
         <run_address>0x119b4</run_address>
         <size>0x138</size>
         <input_file_ref idref="fl-13c"/>
      </object_component>
      <object_component id="oc-4c">
         <name>.debug_info</name>
         <load_address>0x11aec</load_address>
         <run_address>0x11aec</run_address>
         <size>0x123</size>
         <input_file_ref idref="fl-13d"/>
      </object_component>
      <object_component id="oc-16">
         <name>.debug_info</name>
         <load_address>0x11c0f</load_address>
         <run_address>0x11c0f</run_address>
         <size>0x1c2</size>
         <input_file_ref idref="fl-13d"/>
      </object_component>
      <object_component id="oc-47">
         <name>.debug_info</name>
         <load_address>0x11dd1</load_address>
         <run_address>0x11dd1</run_address>
         <size>0x46</size>
         <input_file_ref idref="fl-13d"/>
      </object_component>
      <object_component id="oc-a9">
         <name>.debug_info</name>
         <load_address>0x11e17</load_address>
         <run_address>0x11e17</run_address>
         <size>0x2c</size>
         <input_file_ref idref="fl-13d"/>
      </object_component>
      <object_component id="oc-54">
         <name>.debug_info</name>
         <load_address>0x11e43</load_address>
         <run_address>0x11e43</run_address>
         <size>0x117</size>
         <input_file_ref idref="fl-13e"/>
      </object_component>
      <object_component id="oc-50">
         <name>.debug_info</name>
         <load_address>0x11f5a</load_address>
         <run_address>0x11f5a</run_address>
         <size>0x22a</size>
         <input_file_ref idref="fl-13e"/>
      </object_component>
      <object_component id="oc-1b">
         <name>.debug_info</name>
         <load_address>0x12184</load_address>
         <run_address>0x12184</run_address>
         <size>0x1bc</size>
         <input_file_ref idref="fl-13e"/>
      </object_component>
      <object_component id="oc-55">
         <name>.debug_info</name>
         <load_address>0x12340</load_address>
         <run_address>0x12340</run_address>
         <size>0x39</size>
         <input_file_ref idref="fl-13e"/>
      </object_component>
      <object_component id="oc-b3">
         <name>.debug_info</name>
         <load_address>0x12379</load_address>
         <run_address>0x12379</run_address>
         <size>0x2c</size>
         <input_file_ref idref="fl-13e"/>
      </object_component>
      <object_component id="oc-65">
         <name>.debug_info</name>
         <load_address>0x123a5</load_address>
         <run_address>0x123a5</run_address>
         <size>0x112</size>
         <input_file_ref idref="fl-13f"/>
      </object_component>
      <object_component id="oc-1f">
         <name>.debug_info</name>
         <load_address>0x124b7</load_address>
         <run_address>0x124b7</run_address>
         <size>0x18d</size>
         <input_file_ref idref="fl-13f"/>
      </object_component>
      <object_component id="oc-60">
         <name>.debug_info</name>
         <load_address>0x12644</load_address>
         <run_address>0x12644</run_address>
         <size>0x46</size>
         <input_file_ref idref="fl-13f"/>
      </object_component>
      <object_component id="oc-d3">
         <name>.debug_info</name>
         <load_address>0x1268a</load_address>
         <run_address>0x1268a</run_address>
         <size>0x174</size>
         <input_file_ref idref="fl-140"/>
      </object_component>
      <object_component id="oc-d0">
         <name>.debug_info</name>
         <load_address>0x127fe</load_address>
         <run_address>0x127fe</run_address>
         <size>0x119</size>
         <input_file_ref idref="fl-140"/>
      </object_component>
      <object_component id="oc-79">
         <name>.debug_info</name>
         <load_address>0x12917</load_address>
         <run_address>0x12917</run_address>
         <size>0x1f0</size>
         <input_file_ref idref="fl-140"/>
      </object_component>
      <object_component id="oc-42">
         <name>.debug_info</name>
         <load_address>0x12b07</load_address>
         <run_address>0x12b07</run_address>
         <size>0xfa</size>
         <input_file_ref idref="fl-141"/>
      </object_component>
      <object_component id="oc-5b">
         <name>.debug_info</name>
         <load_address>0x12c01</load_address>
         <run_address>0x12c01</run_address>
         <size>0x12a</size>
         <input_file_ref idref="fl-142"/>
      </object_component>
      <object_component id="oc-67">
         <name>.debug_info</name>
         <load_address>0x12d2b</load_address>
         <run_address>0x12d2b</run_address>
         <size>0x12b</size>
         <input_file_ref idref="fl-143"/>
      </object_component>
      <object_component id="oc-7f">
         <name>.debug_info</name>
         <load_address>0x12e56</load_address>
         <run_address>0x12e56</run_address>
         <size>0xec</size>
         <input_file_ref idref="fl-144"/>
      </object_component>
      <object_component id="oc-1fb">
         <name>.debug_info</name>
         <load_address>0x12f42</load_address>
         <run_address>0x12f42</run_address>
         <size>0x165</size>
         <input_file_ref idref="fl-145"/>
      </object_component>
      <object_component id="oc-16d">
         <name>.debug_info</name>
         <load_address>0x130a7</load_address>
         <run_address>0x130a7</run_address>
         <size>0x107</size>
         <input_file_ref idref="fl-146"/>
      </object_component>
      <object_component id="oc-cd">
         <name>.debug_info</name>
         <load_address>0x131ae</load_address>
         <run_address>0x131ae</run_address>
         <size>0xf6</size>
         <input_file_ref idref="fl-146"/>
      </object_component>
      <object_component id="oc-168">
         <name>.debug_info</name>
         <load_address>0x132a4</load_address>
         <run_address>0x132a4</run_address>
         <size>0x202</size>
         <input_file_ref idref="fl-146"/>
      </object_component>
      <object_component id="oc-cb">
         <name>.debug_info</name>
         <load_address>0x134a6</load_address>
         <run_address>0x134a6</run_address>
         <size>0x149</size>
         <input_file_ref idref="fl-147"/>
      </object_component>
      <object_component id="oc-76">
         <name>.debug_info</name>
         <load_address>0x135ef</load_address>
         <run_address>0x135ef</run_address>
         <size>0x14a</size>
         <input_file_ref idref="fl-147"/>
      </object_component>
      <object_component id="oc-160">
         <name>.debug_info</name>
         <load_address>0x13739</load_address>
         <run_address>0x13739</run_address>
         <size>0x5e</size>
         <input_file_ref idref="fl-147"/>
      </object_component>
      <object_component id="oc-c3">
         <name>.debug_info</name>
         <load_address>0x13797</load_address>
         <run_address>0x13797</run_address>
         <size>0x2a0</size>
         <input_file_ref idref="fl-148"/>
      </object_component>
      <object_component id="oc-6d">
         <name>.debug_info</name>
         <load_address>0x13a37</load_address>
         <run_address>0x13a37</run_address>
         <size>0x15a</size>
         <input_file_ref idref="fl-148"/>
      </object_component>
      <object_component id="oc-117">
         <name>.debug_info</name>
         <load_address>0x13b91</load_address>
         <run_address>0x13b91</run_address>
         <size>0x39</size>
         <input_file_ref idref="fl-148"/>
      </object_component>
      <object_component id="oc-11c">
         <name>.debug_info</name>
         <load_address>0x13bca</load_address>
         <run_address>0x13bca</run_address>
         <size>0xcd</size>
         <input_file_ref idref="fl-148"/>
      </object_component>
      <object_component id="oc-114">
         <name>.debug_info</name>
         <load_address>0x13c97</load_address>
         <run_address>0x13c97</run_address>
         <size>0x1c3</size>
         <input_file_ref idref="fl-149"/>
      </object_component>
      <object_component id="oc-bd">
         <name>.debug_info</name>
         <load_address>0x13e5a</load_address>
         <run_address>0x13e5a</run_address>
         <size>0x17f</size>
         <input_file_ref idref="fl-149"/>
      </object_component>
      <object_component id="oc-1aa">
         <name>.debug_info</name>
         <load_address>0x13fd9</load_address>
         <run_address>0x13fd9</run_address>
         <size>0x2c</size>
         <input_file_ref idref="fl-149"/>
      </object_component>
      <object_component id="oc-1c6">
         <name>.debug_info</name>
         <load_address>0x14005</load_address>
         <run_address>0x14005</run_address>
         <size>0x1ce</size>
         <input_file_ref idref="fl-14a"/>
      </object_component>
      <object_component id="oc-1e4">
         <name>.debug_info</name>
         <load_address>0x141d3</load_address>
         <run_address>0x141d3</run_address>
         <size>0x1ab</size>
         <input_file_ref idref="fl-14a"/>
      </object_component>
      <object_component id="oc-2a3">
         <name>.debug_info</name>
         <load_address>0x1437e</load_address>
         <run_address>0x1437e</run_address>
         <size>0x233</size>
         <input_file_ref idref="fl-14a"/>
      </object_component>
      <object_component id="oc-1de">
         <name>.debug_info</name>
         <load_address>0x145b1</load_address>
         <run_address>0x145b1</run_address>
         <size>0x28a</size>
         <input_file_ref idref="fl-14a"/>
      </object_component>
      <object_component id="oc-137">
         <name>.debug_info</name>
         <load_address>0x1483b</load_address>
         <run_address>0x1483b</run_address>
         <size>0x1f5</size>
         <input_file_ref idref="fl-14a"/>
      </object_component>
      <object_component id="oc-1ea">
         <name>.debug_info</name>
         <load_address>0x14a30</load_address>
         <run_address>0x14a30</run_address>
         <size>0x25d</size>
         <input_file_ref idref="fl-14a"/>
      </object_component>
      <object_component id="oc-1f0">
         <name>.debug_info</name>
         <load_address>0x14c8d</load_address>
         <run_address>0x14c8d</run_address>
         <size>0x237</size>
         <input_file_ref idref="fl-14a"/>
      </object_component>
      <object_component id="oc-288">
         <name>.debug_info</name>
         <load_address>0x14ec4</load_address>
         <run_address>0x14ec4</run_address>
         <size>0x90</size>
         <input_file_ref idref="fl-14a"/>
      </object_component>
      <object_component id="oc-1ba">
         <name>.debug_info</name>
         <load_address>0x14f54</load_address>
         <run_address>0x14f54</run_address>
         <size>0x18b</size>
         <input_file_ref idref="fl-14a"/>
      </object_component>
      <object_component id="oc-1bf">
         <name>.debug_info</name>
         <load_address>0x150df</load_address>
         <run_address>0x150df</run_address>
         <size>0x226</size>
         <input_file_ref idref="fl-14b"/>
      </object_component>
      <object_component id="oc-27f">
         <name>.debug_info</name>
         <load_address>0x15305</load_address>
         <run_address>0x15305</run_address>
         <size>0xff</size>
         <input_file_ref idref="fl-14b"/>
      </object_component>
      <object_component id="oc-282">
         <name>.debug_info</name>
         <load_address>0x15404</load_address>
         <run_address>0x15404</run_address>
         <size>0x10b</size>
         <input_file_ref idref="fl-14b"/>
      </object_component>
      <object_component id="oc-2dc">
         <name>.debug_info</name>
         <load_address>0x1550f</load_address>
         <run_address>0x1550f</run_address>
         <size>0x105</size>
         <input_file_ref idref="fl-14b"/>
      </object_component>
      <object_component id="oc-285">
         <name>.debug_info</name>
         <load_address>0x15614</load_address>
         <run_address>0x15614</run_address>
         <size>0x112</size>
         <input_file_ref idref="fl-14b"/>
      </object_component>
      <object_component id="oc-1d8">
         <name>.debug_info</name>
         <load_address>0x15726</load_address>
         <run_address>0x15726</run_address>
         <size>0x1e7</size>
         <input_file_ref idref="fl-14b"/>
      </object_component>
      <object_component id="oc-12b">
         <name>.debug_info</name>
         <load_address>0x1590d</load_address>
         <run_address>0x1590d</run_address>
         <size>0x1e1</size>
         <input_file_ref idref="fl-14b"/>
      </object_component>
      <object_component id="oc-275">
         <name>.debug_info</name>
         <load_address>0x15aee</load_address>
         <run_address>0x15aee</run_address>
         <size>0x264</size>
         <input_file_ref idref="fl-14b"/>
      </object_component>
      <object_component id="oc-27b">
         <name>.debug_info</name>
         <load_address>0x15d52</load_address>
         <run_address>0x15d52</run_address>
         <size>0x21e</size>
         <input_file_ref idref="fl-14b"/>
      </object_component>
      <object_component id="oc-1b2">
         <name>.debug_info</name>
         <load_address>0x15f70</load_address>
         <run_address>0x15f70</run_address>
         <size>0x4c5</size>
         <input_file_ref idref="fl-14b"/>
      </object_component>
      <object_component id="oc-291">
         <name>.debug_info</name>
         <load_address>0x16435</load_address>
         <run_address>0x16435</run_address>
         <size>0x5f</size>
         <input_file_ref idref="fl-14b"/>
      </object_component>
      <object_component id="oc-1c4">
         <name>.debug_info</name>
         <load_address>0x16494</load_address>
         <run_address>0x16494</run_address>
         <size>0x1d7</size>
         <input_file_ref idref="fl-14d"/>
      </object_component>
      <object_component id="oc-1c1">
         <name>.debug_info</name>
         <load_address>0x1666b</load_address>
         <run_address>0x1666b</run_address>
         <size>0x10d</size>
         <input_file_ref idref="fl-14d"/>
      </object_component>
      <object_component id="oc-216">
         <name>.debug_info</name>
         <load_address>0x16778</load_address>
         <run_address>0x16778</run_address>
         <size>0x207</size>
         <input_file_ref idref="fl-14d"/>
      </object_component>
      <object_component id="oc-1c8">
         <name>.debug_info</name>
         <load_address>0x1697f</load_address>
         <run_address>0x1697f</run_address>
         <size>0x217</size>
         <input_file_ref idref="fl-14d"/>
      </object_component>
      <object_component id="oc-1ce">
         <name>.debug_info</name>
         <load_address>0x16b96</load_address>
         <run_address>0x16b96</run_address>
         <size>0x312</size>
         <input_file_ref idref="fl-14d"/>
      </object_component>
      <object_component id="oc-13a">
         <name>.debug_info</name>
         <load_address>0x16ea8</load_address>
         <run_address>0x16ea8</run_address>
         <size>0x1df</size>
         <input_file_ref idref="fl-14d"/>
      </object_component>
      <object_component id="oc-20a">
         <name>.debug_info</name>
         <load_address>0x17087</load_address>
         <run_address>0x17087</run_address>
         <size>0x1eb</size>
         <input_file_ref idref="fl-14d"/>
      </object_component>
      <object_component id="oc-210">
         <name>.debug_info</name>
         <load_address>0x17272</load_address>
         <run_address>0x17272</run_address>
         <size>0x1df</size>
         <input_file_ref idref="fl-14d"/>
      </object_component>
      <object_component id="oc-12e">
         <name>.debug_info</name>
         <load_address>0x17451</load_address>
         <run_address>0x17451</run_address>
         <size>0x1e4</size>
         <input_file_ref idref="fl-14d"/>
      </object_component>
      <object_component id="oc-2b9">
         <name>.debug_info</name>
         <load_address>0x17635</load_address>
         <run_address>0x17635</run_address>
         <size>0x1a8</size>
         <input_file_ref idref="fl-14f"/>
      </object_component>
      <object_component id="oc-227">
         <name>.debug_info</name>
         <load_address>0x177dd</load_address>
         <run_address>0x177dd</run_address>
         <size>0x297</size>
         <input_file_ref idref="fl-14f"/>
      </object_component>
      <object_component id="oc-22d">
         <name>.debug_info</name>
         <load_address>0x17a74</load_address>
         <run_address>0x17a74</run_address>
         <size>0x204</size>
         <input_file_ref idref="fl-14f"/>
      </object_component>
      <object_component id="oc-23f">
         <name>.debug_info</name>
         <load_address>0x17c78</load_address>
         <run_address>0x17c78</run_address>
         <size>0x2fb</size>
         <input_file_ref idref="fl-14f"/>
      </object_component>
      <object_component id="oc-221">
         <name>.debug_info</name>
         <load_address>0x17f73</load_address>
         <run_address>0x17f73</run_address>
         <size>0x28a</size>
         <input_file_ref idref="fl-14f"/>
      </object_component>
      <object_component id="oc-232">
         <name>.debug_info</name>
         <load_address>0x181fd</load_address>
         <run_address>0x181fd</run_address>
         <size>0x208</size>
         <input_file_ref idref="fl-14f"/>
      </object_component>
      <object_component id="oc-238">
         <name>.debug_info</name>
         <load_address>0x18405</load_address>
         <run_address>0x18405</run_address>
         <size>0x245</size>
         <input_file_ref idref="fl-14f"/>
      </object_component>
      <object_component id="oc-244">
         <name>.debug_info</name>
         <load_address>0x1864a</load_address>
         <run_address>0x1864a</run_address>
         <size>0x1f8</size>
         <input_file_ref idref="fl-14f"/>
      </object_component>
      <object_component id="oc-311">
         <name>.debug_info</name>
         <load_address>0x18842</load_address>
         <run_address>0x18842</run_address>
         <size>0xb2</size>
      </object_component>
      <object_component id="oc-1a7">
         <name>.debug_line</name>
         <load_address>0x0</load_address>
         <run_address>0x0</run_address>
         <size>0x196</size>
         <input_file_ref idref="fl-2"/>
      </object_component>
      <object_component id="oc-c8">
         <name>.debug_line</name>
         <load_address>0x196</load_address>
         <run_address>0x196</run_address>
         <size>0x5f</size>
         <input_file_ref idref="fl-2"/>
      </object_component>
      <object_component id="oc-fd">
         <name>.debug_line</name>
         <load_address>0x1f5</load_address>
         <run_address>0x1f5</run_address>
         <size>0x57</size>
         <input_file_ref idref="fl-2"/>
      </object_component>
      <object_component id="oc-a6">
         <name>.debug_line</name>
         <load_address>0x24c</load_address>
         <run_address>0x24c</run_address>
         <size>0x20</size>
         <input_file_ref idref="fl-2"/>
      </object_component>
      <object_component id="oc-9a">
         <name>.debug_line</name>
         <load_address>0x26c</load_address>
         <run_address>0x26c</run_address>
         <size>0x5b</size>
         <input_file_ref idref="fl-2"/>
      </object_component>
      <object_component id="oc-102">
         <name>.debug_line</name>
         <load_address>0x2c7</load_address>
         <run_address>0x2c7</run_address>
         <size>0x6d</size>
         <input_file_ref idref="fl-2"/>
      </object_component>
      <object_component id="oc-9f">
         <name>.debug_line</name>
         <load_address>0x334</load_address>
         <run_address>0x334</run_address>
         <size>0x6a</size>
         <input_file_ref idref="fl-2"/>
      </object_component>
      <object_component id="oc-207">
         <name>.debug_line</name>
         <load_address>0x39e</load_address>
         <run_address>0x39e</run_address>
         <size>0x6d</size>
         <input_file_ref idref="fl-2"/>
      </object_component>
      <object_component id="oc-110">
         <name>.debug_line</name>
         <load_address>0x40b</load_address>
         <run_address>0x40b</run_address>
         <size>0x57</size>
         <input_file_ref idref="fl-2"/>
      </object_component>
      <object_component id="oc-a2">
         <name>.debug_line</name>
         <load_address>0x462</load_address>
         <run_address>0x462</run_address>
         <size>0x43</size>
         <input_file_ref idref="fl-3"/>
      </object_component>
      <object_component id="oc-83">
         <name>.debug_line</name>
         <load_address>0x4a5</load_address>
         <run_address>0x4a5</run_address>
         <size>0x43</size>
         <input_file_ref idref="fl-3"/>
      </object_component>
      <object_component id="oc-3f">
         <name>.debug_line</name>
         <load_address>0x4e8</load_address>
         <run_address>0x4e8</run_address>
         <size>0x43</size>
         <input_file_ref idref="fl-3"/>
      </object_component>
      <object_component id="oc-31">
         <name>.debug_line</name>
         <load_address>0x52b</load_address>
         <run_address>0x52b</run_address>
         <size>0xa3</size>
         <input_file_ref idref="fl-3"/>
      </object_component>
      <object_component id="oc-268">
         <name>.debug_line</name>
         <load_address>0x5ce</load_address>
         <run_address>0x5ce</run_address>
         <size>0x66</size>
         <input_file_ref idref="fl-4"/>
      </object_component>
      <object_component id="oc-26f">
         <name>.debug_line</name>
         <load_address>0x634</load_address>
         <run_address>0x634</run_address>
         <size>0x2f</size>
         <input_file_ref idref="fl-4"/>
      </object_component>
      <object_component id="oc-271">
         <name>.debug_line</name>
         <load_address>0x663</load_address>
         <run_address>0x663</run_address>
         <size>0x2f</size>
         <input_file_ref idref="fl-4"/>
      </object_component>
      <object_component id="oc-266">
         <name>.debug_line</name>
         <load_address>0x692</load_address>
         <run_address>0x692</run_address>
         <size>0x2f</size>
         <input_file_ref idref="fl-4"/>
      </object_component>
      <object_component id="oc-f5">
         <name>.debug_line</name>
         <load_address>0x6c1</load_address>
         <run_address>0x6c1</run_address>
         <size>0xe2</size>
         <input_file_ref idref="fl-4"/>
      </object_component>
      <object_component id="oc-178">
         <name>.debug_line</name>
         <load_address>0x7a3</load_address>
         <run_address>0x7a3</run_address>
         <size>0x6d</size>
         <input_file_ref idref="fl-4"/>
      </object_component>
      <object_component id="oc-26c">
         <name>.debug_line</name>
         <load_address>0x810</load_address>
         <run_address>0x810</run_address>
         <size>0x2f</size>
         <input_file_ref idref="fl-4"/>
      </object_component>
      <object_component id="oc-2b5">
         <name>.debug_line</name>
         <load_address>0x83f</load_address>
         <run_address>0x83f</run_address>
         <size>0xb9</size>
         <input_file_ref idref="fl-5"/>
      </object_component>
      <object_component id="oc-149">
         <name>.debug_line</name>
         <load_address>0x8f8</load_address>
         <run_address>0x8f8</run_address>
         <size>0x60</size>
         <input_file_ref idref="fl-5"/>
      </object_component>
      <object_component id="oc-2c5">
         <name>.debug_line</name>
         <load_address>0x958</load_address>
         <run_address>0x958</run_address>
         <size>0xb9</size>
         <input_file_ref idref="fl-7"/>
      </object_component>
      <object_component id="oc-15b">
         <name>.debug_line</name>
         <load_address>0xa11</load_address>
         <run_address>0xa11</run_address>
         <size>0x6d</size>
         <input_file_ref idref="fl-7"/>
      </object_component>
      <object_component id="oc-2b7">
         <name>.debug_line</name>
         <load_address>0xa7e</load_address>
         <run_address>0xa7e</run_address>
         <size>0x57</size>
         <input_file_ref idref="fl-9"/>
      </object_component>
      <object_component id="oc-14f">
         <name>.debug_line</name>
         <load_address>0xad5</load_address>
         <run_address>0xad5</run_address>
         <size>0x56</size>
         <input_file_ref idref="fl-9"/>
      </object_component>
      <object_component id="oc-2c1">
         <name>.debug_line</name>
         <load_address>0xb2b</load_address>
         <run_address>0xb2b</run_address>
         <size>0x13f</size>
         <input_file_ref idref="fl-a"/>
      </object_component>
      <object_component id="oc-155">
         <name>.debug_line</name>
         <load_address>0xc6a</load_address>
         <run_address>0xc6a</run_address>
         <size>0x6d</size>
         <input_file_ref idref="fl-a"/>
      </object_component>
      <object_component id="oc-201">
         <name>.debug_line</name>
         <load_address>0xcd7</load_address>
         <run_address>0xcd7</run_address>
         <size>0x20</size>
         <input_file_ref idref="fl-a"/>
      </object_component>
      <object_component id="oc-25e">
         <name>.debug_line</name>
         <load_address>0xcf7</load_address>
         <run_address>0xcf7</run_address>
         <size>0x58</size>
         <input_file_ref idref="fl-a"/>
      </object_component>
      <object_component id="oc-2c3">
         <name>.debug_line</name>
         <load_address>0xd4f</load_address>
         <run_address>0xd4f</run_address>
         <size>0xae</size>
         <input_file_ref idref="fl-b"/>
      </object_component>
      <object_component id="oc-2c7">
         <name>.debug_line</name>
         <load_address>0xdfd</load_address>
         <run_address>0xdfd</run_address>
         <size>0x113</size>
         <input_file_ref idref="fl-d"/>
      </object_component>
      <object_component id="oc-2cb">
         <name>.debug_line</name>
         <load_address>0xf10</load_address>
         <run_address>0xf10</run_address>
         <size>0x5f</size>
         <input_file_ref idref="fl-d"/>
      </object_component>
      <object_component id="oc-17d">
         <name>.debug_line</name>
         <load_address>0xf6f</load_address>
         <run_address>0xf6f</run_address>
         <size>0x59</size>
         <input_file_ref idref="fl-d"/>
      </object_component>
      <object_component id="oc-2d0">
         <name>.debug_line</name>
         <load_address>0xfc8</load_address>
         <run_address>0xfc8</run_address>
         <size>0x57</size>
         <input_file_ref idref="fl-d"/>
      </object_component>
      <object_component id="oc-256">
         <name>.debug_line</name>
         <load_address>0x101f</load_address>
         <run_address>0x101f</run_address>
         <size>0x20</size>
         <input_file_ref idref="fl-e"/>
      </object_component>
      <object_component id="oc-e1">
         <name>.debug_line</name>
         <load_address>0x103f</load_address>
         <run_address>0x103f</run_address>
         <size>0x107</size>
         <input_file_ref idref="fl-e"/>
      </object_component>
      <object_component id="oc-2d5">
         <name>.debug_line</name>
         <load_address>0x1146</load_address>
         <run_address>0x1146</run_address>
         <size>0x160</size>
         <input_file_ref idref="fl-f"/>
      </object_component>
      <object_component id="oc-2d3">
         <name>.debug_line</name>
         <load_address>0x12a6</load_address>
         <run_address>0x12a6</run_address>
         <size>0x50</size>
         <input_file_ref idref="fl-f"/>
      </object_component>
      <object_component id="oc-187">
         <name>.debug_line</name>
         <load_address>0x12f6</load_address>
         <run_address>0x12f6</run_address>
         <size>0x766</size>
         <input_file_ref idref="fl-f"/>
      </object_component>
      <object_component id="oc-2d9">
         <name>.debug_line</name>
         <load_address>0x1a5c</load_address>
         <run_address>0x1a5c</run_address>
         <size>0x50</size>
         <input_file_ref idref="fl-f"/>
      </object_component>
      <object_component id="oc-174">
         <name>.debug_line</name>
         <load_address>0x1aac</load_address>
         <run_address>0x1aac</run_address>
         <size>0x192</size>
         <input_file_ref idref="fl-10"/>
      </object_component>
      <object_component id="oc-d8">
         <name>.debug_line</name>
         <load_address>0x1c3e</load_address>
         <run_address>0x1c3e</run_address>
         <size>0x50</size>
         <input_file_ref idref="fl-10"/>
      </object_component>
      <object_component id="oc-182">
         <name>.debug_line</name>
         <load_address>0x1c8e</load_address>
         <run_address>0x1c8e</run_address>
         <size>0x50</size>
         <input_file_ref idref="fl-10"/>
      </object_component>
      <object_component id="oc-8f">
         <name>.debug_line</name>
         <load_address>0x1cde</load_address>
         <run_address>0x1cde</run_address>
         <size>0xc55</size>
         <input_file_ref idref="fl-10"/>
      </object_component>
      <object_component id="oc-107">
         <name>.debug_line</name>
         <load_address>0x2933</load_address>
         <run_address>0x2933</run_address>
         <size>0x50</size>
         <input_file_ref idref="fl-10"/>
      </object_component>
      <object_component id="oc-264">
         <name>.debug_line</name>
         <load_address>0x2983</load_address>
         <run_address>0x2983</run_address>
         <size>0x17c</size>
         <input_file_ref idref="fl-11"/>
      </object_component>
      <object_component id="oc-262">
         <name>.debug_line</name>
         <load_address>0x2aff</load_address>
         <run_address>0x2aff</run_address>
         <size>0x51</size>
         <input_file_ref idref="fl-11"/>
      </object_component>
      <object_component id="oc-eb">
         <name>.debug_line</name>
         <load_address>0x2b50</load_address>
         <run_address>0x2b50</run_address>
         <size>0x402</size>
         <input_file_ref idref="fl-11"/>
      </object_component>
      <object_component id="oc-196">
         <name>.debug_line</name>
         <load_address>0x2f52</load_address>
         <run_address>0x2f52</run_address>
         <size>0x51</size>
         <input_file_ref idref="fl-11"/>
      </object_component>
      <object_component id="oc-2b0">
         <name>.debug_line</name>
         <load_address>0x2fa3</load_address>
         <run_address>0x2fa3</run_address>
         <size>0x82</size>
         <input_file_ref idref="fl-12"/>
      </object_component>
      <object_component id="oc-2ad">
[...]
      <symbol id="sm-3c2">
         <name>vTaskPrioritySet</name>
         <value>0x541</value>
         <object_component_ref idref="oc-8b"/>
      </symbol>
      <symbol id="sm-3c3">
         <name>xTaskPriorityDisinherit</name>
         <value>0x144f</value>
         <object_component_ref idref="oc-8b"/>
      </symbol>
      <symbol id="sm-3c4">
         <name>vTaskStartScheduler</name>
         <value>0x85d</value>
         <object_component_ref idref="oc-8b"/>
      </symbol>
      <symbol id="sm-3c5">
         <name>xTaskNotifyStateClear</name>
         <value>0x197f</value>
         <object_component_ref idref="oc-8b"/>
      </symbol>
      <symbol id="sm-3c6">
         <name>pvTaskIncrementMutexHeldCount</name>
         <value>0x150f</value>
         <object_component_ref idref="oc-8b"/>
      </symbol>
      <symbol id="sm-3c7">
         <name>xTaskGenericNotify</name>
         <value>0x16df</value>
         <object_component_ref idref="oc-8b"/>
      </symbol>
      <symbol id="sm-3c8">
         <name>vTaskDelayUntil</name>
         <value>0x3b7</value>
         <object_component_ref idref="oc-8b"/>
      </symbol>
      <symbol id="sm-3c9">
         <name>uxTaskGetTaskNumber</name>
         <value>0xf37</value>
         <object_component_ref idref="oc-8b"/>
      </symbol>
      <symbol id="sm-3ca">
         <name>vTaskEndScheduler</name>
         <value>0x8c1</value>
         <object_component_ref idref="oc-8b"/>
      </symbol>
      <symbol id="sm-3cb">
         <name>xTaskNotifyWait</name>
         <value>0x15f5</value>
         <object_component_ref idref="oc-8b"/>
      </symbol>
      <symbol id="sm-3cc">
         <name>vTaskMissedYield</name>
         <value>0xf2f</value>
         <object_component_ref idref="oc-8b"/>
      </symbol>
      <symbol id="sm-3cd">
         <name>uxTaskGetNumberOfTasks</name>
         <value>0x9f5</value>
         <object_component_ref idref="oc-8b"/>
      </symbol>
      <symbol id="sm-3ce">
         <name>xTaskGenericNotifyFromISR</name>
         <value>0x17d1</value>
         <object_component_ref idref="oc-8b"/>
      </symbol>
      <symbol id="sm-3cf">
         <name>uxTaskPriorityGet</name>
         <value>0x4bb</value>
         <object_component_ref idref="oc-8b"/>
      </symbol>
      <symbol id="sm-3d0">
         <name>xTaskResumeAll</name>
         <value>0x8f5</value>
         <object_component_ref idref="oc-8b"/>
      </symbol>
      <symbol id="sm-3d1">
         <name>xTaskGetTickCount</name>
         <value>0x9d1</value>
         <object_component_ref idref="oc-8b"/>
      </symbol>
      <symbol id="sm-3d2">
         <name>xTaskGenericCreate</name>
         <value>0x201</value>
         <object_component_ref idref="oc-8b"/>
      </symbol>
      <symbol id="sm-3d3">
         <name>uxTaskGetSystemState</name>
         <value>0xa05</value>
         <object_component_ref idref="oc-8b"/>
      </symbol>
      <symbol id="sm-3d4">
         <name>vTaskDelete</name>
         <value>0x31b</value>
         <object_component_ref idref="oc-8b"/>
      </symbol>
      <symbol id="sm-3d5">
         <name>pxCurrentTCB</name>
         <value>0x2000cda4</value>
         <object_component_ref idref="oc-85"/>
      </symbol>
      <symbol id="sm-3d6">
         <name>vTaskNotifyGiveFromISR</name>
         <value>0x18d9</value>
         <object_component_ref idref="oc-8b"/>
      </symbol>
      <symbol id="sm-3d7">
         <name>vTaskSuspend</name>
         <value>0x655</value>
         <object_component_ref idref="oc-8b"/>
      </symbol>
      <symbol id="sm-3d8">
         <name>xTaskGetTickCountFromISR</name>
         <value>0x9e1</value>
         <object_component_ref idref="oc-8b"/>
      </symbol>
      <symbol id="sm-3d9">
         <name>vTaskResume</name>
         <value>0x749</value>
         <object_component_ref idref="oc-8b"/>
      </symbol>
      <symbol id="sm-3da">
         <name>vTaskPlaceOnEventListRestricted</name>
         <value>0xd3d</value>
         <object_component_ref idref="oc-8b"/>
      </symbol>
      <symbol id="sm-3db">
         <name>vTaskSetTimeOutState</name>
         <value>0xe8f</value>
         <object_component_ref idref="oc-8b"/>
      </symbol>
      <symbol id="sm-3dc">
         <name>xTaskIncrementTick</name>
         <value>0xad5</value>
         <object_component_ref idref="oc-8b"/>
      </symbol>
      <symbol id="sm-3dd">
         <name>vTaskSwitchContext</name>
         <value>0xbf9</value>
         <object_component_ref idref="oc-8b"/>
      </symbol>
      <symbol id="sm-3de">
         <name>uxTaskResetEventItemValue</name>
         <value>0x14ed</value>
         <object_component_ref idref="oc-8b"/>
      </symbol>
      <symbol id="sm-3df">
         <name>xTaskGetSchedulerState</name>
         <value>0x1361</value>
         <object_component_ref idref="oc-8b"/>
      </symbol>
      <symbol id="sm-3e0">
         <name>xTaskResumeFromISR</name>
         <value>0x7cb</value>
         <object_component_ref idref="oc-8b"/>
      </symbol>
      <symbol id="sm-3e1">
         <name>xTaskGetCurrentTaskHandle</name>
         <value>0x1349</value>
         <object_component_ref idref="oc-8b"/>
      </symbol>
      <symbol id="sm-3e2">
         <name>vTaskPlaceOnUnorderedEventList</name>
         <value>0xcc5</value>
         <object_component_ref idref="oc-8b"/>
      </symbol>
      <symbol id="sm-3e3">
         <name>xTaskRemoveFromEventList</name>
         <value>0xda1</value>
         <object_component_ref idref="oc-8b"/>
      </symbol>
      <symbol id="sm-459">
         <name>xTimerCreateTimerTask</name>
         <value>0x23d9</value>
         <object_component_ref idref="oc-e7"/>
      </symbol>
      <symbol id="sm-45a">
         <name>pcTimerGetTimerName</name>
         <value>0x24d5</value>
         <object_component_ref idref="oc-e7"/>
      </symbol>
      <symbol id="sm-45b">
         <name>xTimerIsTimerActive</name>
         <value>0x2895</value>
         <object_component_ref idref="oc-e7"/>
      </symbol>
      <symbol id="sm-45c">
         <name>xTimerCreate</name>
         <value>0x2413</value>
         <object_component_ref idref="oc-e7"/>
      </symbol>
      <symbol id="sm-45d">
         <name>xTimerGenericCommand</name>
         <value>0x2467</value>
         <object_component_ref idref="oc-e7"/>
      </symbol>
      <symbol id="sm-45e">
         <name>pvTimerGetTimerID</name>
         <value>0x28c1</value>
         <object_component_ref idref="oc-e7"/>
      </symbol>
      <symbol id="sm-45f">
         <name>vTimerSetTimerID</name>
         <value>0x28db</value>
         <object_component_ref idref="oc-e7"/>
      </symbol>
      <symbol id="sm-4c4">
         <name>UARTgetc</name>
         <value>0x2a57</value>
         <object_component_ref idref="oc-13f"/>
      </symbol>
      <symbol id="sm-4c5">
         <name>UARTgets</name>
         <value>0x299d</value>
         <object_component_ref idref="oc-13f"/>
      </symbol>
      <symbol id="sm-4c6">
         <name>UARTStdioConfig</name>
         <value>0x2911</value>
         <object_component_ref idref="oc-13f"/>
      </symbol>
      <symbol id="sm-4c7">
         <name>UARTwrite</name>
         <value>0x2957</value>
         <object_component_ref idref="oc-13f"/>
      </symbol>
      <symbol id="sm-4c8">
         <name>UARTprintf</name>
         <value>0x2d77</value>
         <object_component_ref idref="oc-13f"/>
      </symbol>
      <symbol id="sm-4c9">
         <name>UARTvprintf</name>
         <value>0x2a7d</value>
         <object_component_ref idref="oc-13f"/>
      </symbol>
      <symbol id="sm-4fa">
         <name>ulMaxSyscallInterruptPriority</name>
         <value>0x41e4</value>
         <object_component_ref idref="oc-88"/>
      </symbol>
      <symbol id="sm-4fb">
         <name>vPortSetupTimerInterrupt</name>
         <value>0x3263</value>
         <object_component_ref idref="oc-38"/>
      </symbol>
      <symbol id="sm-4fc">
         <name>vPortEndScheduler</name>
         <value>0x31fd</value>
         <object_component_ref idref="oc-38"/>
      </symbol>
      <symbol id="sm-4fd">
         <name>xPortSysTickCount</name>
         <value>0x2000cdf0</value>
         <object_component_ref idref="oc-92"/>
      </symbol>
      <symbol id="sm-4fe">
         <name>xPortSysTickHandler</name>
         <value>0x3235</value>
         <object_component_ref idref="oc-38"/>
      </symbol>
      <symbol id="sm-4ff">
         <name>pxPortInitialiseStack</name>
         <value>0x3161</value>
         <object_component_ref idref="oc-38"/>
      </symbol>
      <symbol id="sm-500">
         <name>vPortExitCritical</name>
         <value>0x321f</value>
         <object_component_ref idref="oc-38"/>
      </symbol>
      <symbol id="sm-501">
         <name>xPortStartScheduler</name>
         <value>0x31c7</value>
         <object_component_ref idref="oc-38"/>
      </symbol>
      <symbol id="sm-502">
         <name>vPortEnterCritical</name>
         <value>0x31ff</value>
         <object_component_ref idref="oc-38"/>
      </symbol>
      <symbol id="sm-511">
         <name>vPortStartFirstTask</name>
         <value>0x36b9</value>
         <object_component_ref idref="oc-33"/>
      </symbol>
      <symbol id="sm-512">
         <name>ulPortGetIPSR</name>
         <value>0x3621</value>
         <object_component_ref idref="oc-33"/>
      </symbol>
      <symbol id="sm-513">
         <name>vPortEnableVFP</name>
         <value>0x36d5</value>
         <object_component_ref idref="oc-33"/>
      </symbol>
      <symbol id="sm-514">
         <name>xPortPendSVHandler</name>
         <value>0x3639</value>
         <object_component_ref idref="oc-33"/>
      </symbol>
      <symbol id="sm-515">
         <name>vPortSVCHandler</name>
         <value>0x3699</value>
         <object_component_ref idref="oc-33"/>
      </symbol>
      <symbol id="sm-52f">
         <name>g_ulSystemClock</name>
         <value>0x2000cdd4</value>
         <object_component_ref idref="oc-1b5"/>
      </symbol>
      <symbol id="sm-530">
         <name>UARTStdioInitFlag</name>
         <value>0x2000cddc</value>
         <object_component_ref idref="oc-1b5"/>
      </symbol>
      <symbol id="sm-531">
         <name>ProcessorInitFlag</name>
         <value>0x2000cdd8</value>
         <object_component_ref idref="oc-1b5"/>
      </symbol>
      <symbol id="sm-532">
         <name>FPUInitFlag</name>
         <value>0x2000cde0</value>
         <object_component_ref idref="oc-1b5"/>
      </symbol>
      <symbol id="sm-533">
         <name>Processor_Initialization</name>
         <value>0x3d11</value>
         <object_component_ref idref="oc-121"/>
      </symbol>
      <symbol id="sm-545">
         <name>_c_int00</name>
         <value>0x3a95</value>
         <object_component_ref idref="oc-24"/>
      </symbol>
      <symbol id="sm-546">
         <name>__stack</name>
         <value>0x2000c5a4</value>
         <object_component_ref idref="oc-29"/>
      </symbol>
      <symbol id="sm-55d">
         <name>__TI_decompress_none</name>
         <value>0x3eff</value>
         <object_component_ref idref="oc-12"/>
      </symbol>
      <symbol id="sm-585">
         <name>__TI_decompress_rle24</name>
         <value>0x3f55</value>
         <object_component_ref idref="oc-18"/>
      </symbol>
      <symbol id="sm-597">
         <name>__TI_zero_init</name>
         <value>0x3f19</value>
         <object_component_ref idref="oc-1e"/>
      </symbol>
      <symbol id="sm-5b6">
         <name>C$$EXIT</name>
         <value>0x3c0d</value>
         <object_component_ref idref="oc-78"/>
      </symbol>
      <symbol id="sm-5b7">
         <name>abort</name>
         <value>0x3c11</value>
         <object_component_ref idref="oc-78"/>
      </symbol>
      <symbol id="sm-5b8">
         <name>exit</name>
         <value>0x3c19</value>
         <object_component_ref idref="oc-78"/>
      </symbol>
      <symbol id="sm-5b9">
         <name>__TI_dtors_ptr</name>
         <value>0x2000ce00</value>
         <object_component_ref idref="oc-cf"/>
      </symbol>
      <symbol id="sm-5ba">
         <name>__TI_cleanup_ptr</name>
         <value>0x2000cdfc</value>
         <object_component_ref idref="oc-cf"/>
      </symbol>
      <symbol id="sm-5d5">
         <name>memcpy</name>
         <value>0x37a1</value>
         <object_component_ref idref="oc-41"/>
      </symbol>
      <symbol id="sm-5d6">
         <name>__aeabi_memcpy</name>
         <value>0x37a1</value>
         <object_component_ref idref="oc-41"/>
      </symbol>
      <symbol id="sm-5d7">
         <name>__aeabi_memcpy8</name>
         <value>0x37a1</value>
         <object_component_ref idref="oc-41"/>
      </symbol>
      <symbol id="sm-5d8">
         <name>__aeabi_memcpy4</name>
         <value>0x37a1</value>
         <object_component_ref idref="oc-41"/>
      </symbol>
      <symbol id="sm-5e7">
         <name>__aeabi_memset</name>
         <value>0x3943</value>
         <object_component_ref idref="oc-5a"/>
      </symbol>
      <symbol id="sm-5e8">
         <name>memset</name>
         <value>0x3949</value>
         <object_component_ref idref="oc-5a"/>
      </symbol>
      <symbol id="sm-5e9">
         <name>__aeabi_memset8</name>
         <value>0x3943</value>
         <object_component_ref idref="oc-5a"/>
      </symbol>
      <symbol id="sm-5ea">
         <name>__aeabi_memset4</name>
         <value>0x3943</value>
         <object_component_ref idref="oc-5a"/>
      </symbol>
      <symbol id="sm-5eb">
         <name>__aeabi_memclr8</name>
         <value>0x3941</value>
         <object_component_ref idref="oc-5a"/>
      </symbol>
      <symbol id="sm-5ec">
         <name>__aeabi_memclr4</name>
         <value>0x3941</value>
         <object_component_ref idref="oc-5a"/>
      </symbol>
      <symbol id="sm-5ed">
         <name>__aeabi_memclr</name>
         <value>0x3941</value>
         <object_component_ref idref="oc-5a"/>
      </symbol>
      <symbol id="sm-5f7">
         <name>_system_pre_init</name>
         <value>0x3f5b</value>
         <object_component_ref idref="oc-66"/>
      </symbol>
      <symbol id="sm-5ff">
         <name>main_func_sp</name>
         <value>0x2000ce14</value>
         <object_component_ref idref="oc-7e"/>
      </symbol>
      <symbol id="sm-612">
         <name>__aeabi_uidivmod</name>
         <value>0x3c51</value>
         <object_component_ref idref="oc-1f8"/>
      </symbol>
      <symbol id="sm-613">
         <name>__aeabi_uidiv</name>
         <value>0x3c51</value>
         <object_component_ref idref="oc-1f8"/>
      </symbol>
      <symbol id="sm-62c">
         <name>_nop</name>
         <value>0x3ecb</value>
         <object_component_ref idref="oc-165"/>
      </symbol>
      <symbol id="sm-62d">
         <name>_lock</name>
         <value>0x2000cdf4</value>
         <object_component_ref idref="oc-cc"/>
      </symbol>
      <symbol id="sm-62e">
         <name>_unlock</name>
         <value>0x2000cdf8</value>
         <object_component_ref idref="oc-cc"/>
      </symbol>
      <symbol id="sm-62f">
         <name>_register_lock</name>
         <value>0x3ec3</value>
         <object_component_ref idref="oc-165"/>
      </symbol>
      <symbol id="sm-630">
         <name>_register_unlock</name>
         <value>0x3ebd</value>
         <object_component_ref idref="oc-165"/>
      </symbol>
      <symbol id="sm-645">
         <name>_args_main</name>
         <value>0x3e79</value>
         <object_component_ref idref="oc-72"/>
      </symbol>
      <symbol id="sm-66b">
         <name>__TI_auto_init</name>
         <value>0x39bd</value>
         <object_component_ref idref="oc-6c"/>
      </symbol>
      <symbol id="sm-685">
         <name>copy_in</name>
         <value>0x3b31</value>
         <object_component_ref idref="oc-bc"/>
      </symbol>
      <symbol id="sm-6d0">
         <name>UARTConfigSetExpClk</name>
         <value>0x3c93</value>
         <object_component_ref idref="oc-1da"/>
      </symbol>
      <symbol id="sm-6d1">
         <name>UARTDisable</name>
         <value>0x3e29</value>
         <object_component_ref idref="oc-29f"/>
      </symbol>
      <symbol id="sm-6d2">
         <name>UARTClockSourceSet</name>
         <value>0x3f4f</value>
         <object_component_ref idref="oc-133"/>
      </symbol>
      <symbol id="sm-6d3">
         <name>UARTCharPut</name>
         <value>0x3f39</value>
         <object_component_ref idref="oc-1e6"/>
      </symbol>
      <symbol id="sm-6d4">
         <name>UARTEnable</name>
         <value>0x3ea7</value>
         <object_component_ref idref="oc-1e0"/>
      </symbol>
      <symbol id="sm-6d5">
         <name>UARTCharGet</name>
         <value>0x3f2f</value>
         <object_component_ref idref="oc-1ec"/>
      </symbol>
      <symbol id="sm-755">
         <name>SysCtlPeripheralPresent</name>
         <value>0x3d7d</value>
         <object_component_ref idref="oc-1d4"/>
      </symbol>
      <symbol id="sm-756">
         <name>SysCtlPeripheralEnable</name>
         <value>0x3d49</value>
         <object_component_ref idref="oc-127"/>
      </symbol>
      <symbol id="sm-757">
         <name>SysCtlClockFreqSet</name>
         <value>0x2dad</value>
         <object_component_ref idref="oc-1af"/>
      </symbol>
      <symbol id="sm-7a8">
         <name>GPIOPinConfigure</name>
         <value>0x3b7d</value>
         <object_component_ref idref="oc-12d"/>
      </symbol>
      <symbol id="sm-7a9">
         <name>GPIOPinTypeUART</name>
         <value>0x3ed1</value>
         <object_component_ref idref="oc-139"/>
      </symbol>
      <symbol id="sm-7aa">
         <name>GPIOPinTypeGPIOOutput</name>
         <value>0x3e61</value>
         <object_component_ref idref="oc-209"/>
      </symbol>
      <symbol id="sm-7ab">
         <name>GPIOPinRead</name>
         <value>0x3f43</value>
         <object_component_ref idref="oc-20f"/>
      </symbol>
      <symbol id="sm-7ac">
         <name>GPIODirModeSet</name>
         <value>0x3ddf</value>
         <object_component_ref idref="oc-1c7"/>
      </symbol>
      <symbol id="sm-7ad">
         <name>GPIOPinWrite</name>
         <value>0x3f49</value>
         <object_component_ref idref="oc-215"/>
      </symbol>
      <symbol id="sm-7ae">
         <name>GPIOPadConfigSet</name>
         <value>0x3295</value>
         <object_component_ref idref="oc-1cd"/>
      </symbol>
      <symbol id="sm-7f9">
         <name>ADCProcessorTrigger</name>
         <value>0x3e91</value>
         <object_component_ref idref="oc-231"/>
      </symbol>
      <symbol id="sm-7fa">
         <name>ADCSequenceEnable</name>
         <value>0x3ee3</value>
         <object_component_ref idref="oc-22b"/>
      </symbol>
      <symbol id="sm-7fb">
         <name>ADCSequenceConfigure</name>
         <value>0x3cd3</value>
         <object_component_ref idref="oc-21f"/>
      </symbol>
      <symbol id="sm-7fc">
         <name>ADCSequenceStepConfigure</name>
         <value>0x38c1</value>
         <object_component_ref idref="oc-225"/>
      </symbol>
      <symbol id="sm-7fd">
         <name>ADCIntClear</name>
         <value>0x3f25</value>
         <object_component_ref idref="oc-243"/>
      </symbol>
      <symbol id="sm-7fe">
         <name>ADCIntStatus</name>
         <value>0x3db1</value>
         <object_component_ref idref="oc-237"/>
      </symbol>
      <symbol id="sm-7ff">
         <name>ADCSequenceDataGet</name>
         <value>0x3e09</value>
         <object_component_ref idref="oc-23d"/>
      </symbol>
      <symbol id="sm-800">
         <name>__TI_static_base__</name>
         <value>0x0</value>
      </symbol>
      <symbol id="sm-803">
         <name>SHT$$INIT_ARRAY$$Limit</name>
         <value>0x0</value>
      </symbol>
      <symbol id="sm-804">
         <name>SHT$$INIT_ARRAY$$Base</name>
         <value>0x0</value>
      </symbol>
   </symbol_table>
   <title>Link successful</title>
</link_info>
