<?xml version="1.0"?>
<link_info>
   <banner>TI ARM Linker PC v5.2.2</banner>
   <copyright>Copyright (c) 1996-2015 Texas Instruments Incorporated</copyright>
   <link_time>0x56e72d8d</link_time>
   <link_errors>0x0</link_errors>
   <output_file>FreeRTOS823_3_TM4C1294_Base_Test.out</output_file>
   <entry_point>
      <name>_c_int00</name>
      <address>0x3a95</address>
   </entry_point>
   <input_file_list>
      <input_file id="fl-2">
         <path>.\</path>
         <kind>object</kind>
         <file>Main_Base_Test.obj</file>
         <name>Main_Base_Test.obj</name>
      </input_file>
      <input_file id="fl-3">
         <path>.\</path>
         <kind>object</kind>
         <file>TM4C_FreeRTOS_Base_Startup.obj</file>
         <name>TM4C_FreeRTOS_Base_Startup.obj</name>
      </input_file>
      <input_file id="fl-4">
         <path>.\</path>
         <kind>object</kind>
         <file>heap_2.obj</file>
         <name>heap_2.obj</name>
      </input_file>
      <input_file id="fl-5">
         <path>.\Tasks\</path>
         <kind>object</kind>
         <file>Task_Blinky.obj</file>
         <name>Task_Blinky.obj</name>
      </input_file>
      <input_file id="fl-6">
         <path>.\Tasks\</path>
         <kind>object</kind>
         <file>Task_HeaterOn.obj</file>
         <name>Task_HeaterOn.obj</name>
      </input_file>
      <input_file id="fl-7">
         <path>.\Tasks\</path>
         <kind>object</kind>
         <file>Task_PID.obj</file>
         <name>Task_PID.obj</name>
      </input_file>
      <input_file id="fl-8">
         <path>.\Tasks\</path>
         <kind>object</kind>
         <file>Task_ReportTime.obj</file>
         <name>Task_ReportTime.obj</name>
      </input_file>
      <input_file id="fl-9">
         <path>.\Tasks\</path>
         <kind>object</kind>
         <file>Task_Simple_ADC.obj</file>
         <name>Task_Simple_ADC.obj</name>
      </input_file>
      <input_file id="fl-a">
         <path>.\Tasks\</path>
         <kind>object</kind>
         <file>Task_tempConvert.obj</file>
         <name>Task_tempConvert.obj</name>
      </input_file>
      <input_file id="fl-b">
         <path>.\Source\</path>
         <kind>object</kind>
         <file>croutine.obj</file>
         <name>croutine.obj</name>
      </input_file>
      <input_file id="fl-c">
         <path>.\Source\</path>
         <kind>object</kind>
         <file>event_groups.obj</file>
         <name>event_groups.obj</name>
      </input_file>
      <input_file id="fl-d">
         <path>.\Source\</path>
         <kind>object</kind>
         <file>list.obj</file>
         <name>list.obj</name>
      </input_file>
      <input_file id="fl-e">
         <path>.\Source\</path>
         <kind>object</kind>
         <file>queue.obj</file>
         <name>queue.obj</name>
      </input_file>
      <input_file id="fl-f">
         <path>.\Source\</path>
         <kind>object</kind>
         <file>tasks.obj</file>
         <name>tasks.obj</name>
      </input_file>
      <input_file id="fl-10">
         <path>.\Source\</path>
         <kind>object</kind>
         <file>timers.obj</file>
         <name>timers.obj</name>
      </input_file>
      <input_file id="fl-11">
         <path>.\Source\</path>
         <kind>object</kind>
         <file>uartstdio.obj</file>
         <name>uartstdio.obj</name>
      </input_file>
      <input_file id="fl-12">
         <path>.\Source\portable\CCS\ARM_CM4F\</path>
         <kind>object</kind>
         <file>port.obj</file>
         <name>port.obj</name>
      </input_file>
      <input_file id="fl-13">
         <path>.\Source\portable\CCS\ARM_CM4F\</path>
         <kind>object</kind>
         <file>portasm.obj</file>
         <name>portasm.obj</name>
      </input_file>
      <input_file id="fl-14">
         <path>.\Drivers\</path>
         <kind>object</kind>
         <file>Processor_Initialization_TM4C1294.obj</file>
         <name>Processor_Initialization_TM4C1294.obj</name>
      </input_file>
      <input_file id="fl-13b">
         <path>C:\TI_CodeComposer\ccsv6\tools\compiler\ti-cgt-arm_5.2.2\lib\</path>
         <kind>archive</kind>
         <file>rtsv7M4_T_le_v4SPD16_eabi.lib</file>
         <name>boot.obj</name>
      </input_file>
      <input_file id="fl-13c">
         <path>C:\TI_CodeComposer\ccsv6\tools\compiler\ti-cgt-arm_5.2.2\lib\</path>
         <kind>archive</kind>
         <file>rtsv7M4_T_le_v4SPD16_eabi.lib</file>
         <name>copy_decompress_none.obj</name>
      </input_file>
      <input_file id="fl-13d">
         <path>C:\TI_CodeComposer\ccsv6\tools\compiler\ti-cgt-arm_5.2.2\lib\</path>
         <kind>archive</kind>
         <file>rtsv7M4_T_le_v4SPD16_eabi.lib</file>
         <name>copy_decompress_rle.obj</name>
      </input_file>
      <input_file id="fl-13e">
         <path>C:\TI_CodeComposer\ccsv6\tools\compiler\ti-cgt-arm_5.2.2\lib\</path>
         <kind>archive</kind>
         <file>rtsv7M4_T_le_v4SPD16_eabi.lib</file>
         <name>copy_zero_init.obj</name>
      </input_file>
      <input_file id="fl-13f">
         <path>C:\TI_CodeComposer\ccsv6\tools\compiler\ti-cgt-arm_5.2.2\lib\</path>
         <kind>archive</kind>
         <file>rtsv7M4_T_le_v4SPD16_eabi.lib</file>
         <name>exit.obj</name>
      </input_file>
      <input_file id="fl-140">
         <path>C:\TI_CodeComposer\ccsv6\tools\compiler\ti-cgt-arm_5.2.2\lib\</path>
         <kind>archive</kind>
         <file>rtsv7M4_T_le_v4SPD16_eabi.lib</file>
         <name>memcpy_t2.obj</name>
      </input_file>
      <input_file id="fl-141">
         <path>C:\TI_CodeComposer\ccsv6\tools\compiler\ti-cgt-arm_5.2.2\lib\</path>
         <kind>archive</kind>
         <file>rtsv7M4_T_le_v4SPD16_eabi.lib</file>
         <name>memset_t2.obj</name>
      </input_file>
      <input_file id="fl-142">
         <path>C:\TI_CodeComposer\ccsv6\tools\compiler\ti-cgt-arm_5.2.2\lib\</path>
         <kind>archive</kind>
         <file>rtsv7M4_T_le_v4SPD16_eabi.lib</file>
         <name>pre_init.obj</name>
      </input_file>
      <input_file id="fl-143">
         <path>C:\TI_CodeComposer\ccsv6\tools\compiler\ti-cgt-arm_5.2.2\lib\</path>
         <kind>archive</kind>
         <file>rtsv7M4_T_le_v4SPD16_eabi.lib</file>
         <name>stkdepth_vars.obj</name>
      </input_file>
      <input_file id="fl-144">
         <path>C:\TI_CodeComposer\ccsv6\tools\compiler\ti-cgt-arm_5.2.2\lib\</path>
         <kind>archive</kind>
         <file>rtsv7M4_T_le_v4SPD16_eabi.lib</file>
         <name>u_divt2.obj</name>
      </input_file>
      <input_file id="fl-145">
         <path>C:\TI_CodeComposer\ccsv6\tools\compiler\ti-cgt-arm_5.2.2\lib\</path>
         <kind>archive</kind>
         <file>rtsv7M4_T_le_v4SPD16_eabi.lib</file>
         <name>_lock.obj</name>
      </input_file>
      <input_file id="fl-146">
         <path>C:\TI_CodeComposer\ccsv6\tools\compiler\ti-cgt-arm_5.2.2\lib\</path>
         <kind>archive</kind>
         <file>rtsv7M4_T_le_v4SPD16_eabi.lib</file>
         <name>args_main.obj</name>
      </input_file>
      <input_file id="fl-147">
         <path>C:\TI_CodeComposer\ccsv6\tools\compiler\ti-cgt-arm_5.2.2\lib\</path>
         <kind>archive</kind>
         <file>rtsv7M4_T_le_v4SPD16_eabi.lib</file>
         <name>autoinit.obj</name>
      </input_file>
      <input_file id="fl-148">
         <path>C:\TI_CodeComposer\ccsv6\tools\compiler\ti-cgt-arm_5.2.2\lib\</path>
         <kind>archive</kind>
         <file>rtsv7M4_T_le_v4SPD16_eabi.lib</file>
         <name>cpy_tbl.obj</name>
      </input_file>
      <input_file id="fl-149">
         <path>C:\TI_CodeComposer\TivaWare\driverlib\ccs\Debug\</path>
         <kind>archive</kind>
         <file>driverlib.lib</file>
         <name>uart.obj</name>
      </input_file>
      <input_file id="fl-14a">
         <path>C:\TI_CodeComposer\TivaWare\driverlib\ccs\Debug\</path>
         <kind>archive</kind>
         <file>driverlib.lib</file>
         <name>sysctl.obj</name>
      </input_file>
      <input_file id="fl-14b">
         <path>C:\TI_CodeComposer\TivaWare\driverlib\ccs\Debug\</path>
         <kind>archive</kind>
         <file>driverlib.lib</file>
         <name>interrupt.obj</name>
      </input_file>
      <input_file id="fl-14c">
         <path>C:\TI_CodeComposer\TivaWare\driverlib\ccs\Debug\</path>
         <kind>archive</kind>
         <file>driverlib.lib</file>
         <name>gpio.obj</name>
      </input_file>
      <input_file id="fl-14d">
         <path>C:\TI_CodeComposer\TivaWare\driverlib\ccs\Debug\</path>
         <kind>archive</kind>
         <file>driverlib.lib</file>
         <name>cpu.obj</name>
      </input_file>
      <input_file id="fl-14e">
         <path>C:\TI_CodeComposer\TivaWare\driverlib\ccs\Debug\</path>
         <kind>archive</kind>
         <file>driverlib.lib</file>
         <name>adc.obj</name>
      </input_file>
   </input_file_list>
   <object_component_list>
      <object_component id="oc-f">
         <name>.intvecs</name>
         <load_address>0x0</load_address>
         <run_address>0x0</run_address>
         <size>0x200</size>
         <input_file_ref idref="fl-3"/>
      </object_component>
      <object_component id="oc-8b">
         <name>.text</name>
         <load_address>0x200</load_address>
         <run_address>0x200</run_address>
         <size>0x17d0</size>
         <input_file_ref idref="fl-f"/>
      </object_component>
      <object_component id="oc-183">
         <name>.text</name>
         <load_address>0x19d0</load_address>
         <run_address>0x19d0</run_address>
         <size>0xa08</size>
         <input_file_ref idref="fl-e"/>
      </object_component>
      <object_component id="oc-e7">
         <name>.text</name>
         <load_address>0x23d8</load_address>
         <run_address>0x23d8</run_address>
         <size>0x538</size>
         <input_file_ref idref="fl-10"/>
      </object_component>
      <object_component id="oc-13f">
         <name>.text</name>
         <load_address>0x2910</load_address>
         <run_address>0x2910</run_address>
         <size>0x49c</size>
         <input_file_ref idref="fl-11"/>
      </object_component>
      <object_component id="oc-1af">
         <name>.text:SysCtlClockFreqSet</name>
         <load_address>0x2dac</load_address>
         <run_address>0x2dac</run_address>
         <size>0x1fc</size>
         <input_file_ref idref="fl-14a"/>
      </object_component>
      <object_component id="oc-f1">
         <name>.text</name>
         <load_address>0x2fa8</load_address>
         <run_address>0x2fa8</run_address>
         <size>0x1b8</size>
         <input_file_ref idref="fl-4"/>
      </object_component>
      <object_component id="oc-38">
         <name>.text</name>
         <load_address>0x3160</load_address>
         <run_address>0x3160</run_address>
         <size>0x134</size>
         <input_file_ref idref="fl-12"/>
      </object_component>
      <object_component id="oc-1cd">
         <name>.text:GPIOPadConfigSet</name>
         <load_address>0x3294</load_address>
         <run_address>0x3294</run_address>
         <size>0x130</size>
         <input_file_ref idref="fl-14c"/>
      </object_component>
      <object_component id="oc-dd">
         <name>.text</name>
         <load_address>0x33c4</load_address>
         <run_address>0x33c4</run_address>
         <size>0x12a</size>
         <input_file_ref idref="fl-d"/>
      </object_component>
      <object_component id="oc-c4">
         <name>.text</name>
         <load_address>0x34f0</load_address>
         <run_address>0x34f0</run_address>
         <size>0x120</size>
         <input_file_ref idref="fl-2"/>
      </object_component>
      <object_component id="oc-33">
         <name>.text</name>
         <load_address>0x3610</load_address>
         <run_address>0x3610</run_address>
         <size>0xd2</size>
         <input_file_ref idref="fl-13"/>
      </object_component>
      <object_component id="oc-151">
         <name>.text</name>
         <load_address>0x36e4</load_address>
         <run_address>0x36e4</run_address>
         <size>0xbc</size>
         <input_file_ref idref="fl-9"/>
      </object_component>
      <object_component id="oc-41">
         <name>.text</name>
         <load_address>0x37a0</load_address>
         <run_address>0x37a0</run_address>
         <size>0x9c</size>
         <input_file_ref idref="fl-140"/>
      </object_component>
      <object_component id="oc-157">
         <name>.text</name>
         <load_address>0x383c</load_address>
         <run_address>0x383c</run_address>
         <size>0x84</size>
         <input_file_ref idref="fl-6"/>
      </object_component>
      <object_component id="oc-225">
         <name>.text:ADCSequenceStepConfigure</name>
         <load_address>0x38c0</load_address>
         <run_address>0x38c0</run_address>
         <size>0x80</size>
         <input_file_ref idref="fl-14e"/>
      </object_component>
      <object_component id="oc-5a">
         <name>.text</name>
         <load_address>0x3940</load_address>
         <run_address>0x3940</run_address>
         <size>0x7a</size>
         <input_file_ref idref="fl-141"/>
      </object_component>
      <object_component id="oc-6c">
         <name>.text</name>
         <load_address>0x39bc</load_address>
         <run_address>0x39bc</run_address>
         <size>0x6c</size>
         <input_file_ref idref="fl-147"/>
      </object_component>
      <object_component id="oc-4d">
         <name>.text</name>
         <load_address>0x3a28</load_address>
         <run_address>0x3a28</run_address>
         <size>0x6a</size>
         <input_file_ref idref="fl-13d"/>
      </object_component>
      <object_component id="oc-24">
         <name>.text</name>
         <load_address>0x3a94</load_address>
         <run_address>0x3a94</run_address>
         <size>0x50</size>
         <input_file_ref idref="fl-13b"/>
      </object_component>
      <object_component id="oc-145">
         <name>.text</name>
         <load_address>0x3ae4</load_address>
         <run_address>0x3ae4</run_address>
         <size>0x4c</size>
         <input_file_ref idref="fl-5"/>
      </object_component>
      <object_component id="oc-bc">
         <name>.text</name>
         <load_address>0x3b30</load_address>
         <run_address>0x3b30</run_address>
         <size>0x4c</size>
         <input_file_ref idref="fl-148"/>
      </object_component>
      <object_component id="oc-12d">
         <name>.text:GPIOPinConfigure</name>
         <load_address>0x3b7c</load_address>
         <run_address>0x3b7c</run_address>
         <size>0x48</size>
         <input_file_ref idref="fl-14c"/>
      </object_component>
      <object_component id="oc-276">
         <name>.text:_SysCtlFrequencyGet</name>
         <load_address>0x3bc4</load_address>
         <run_address>0x3bc4</run_address>
         <size>0x48</size>
         <input_file_ref idref="fl-14a"/>
      </object_component>
      <object_component id="oc-78">
         <name>.text</name>
         <load_address>0x3c0c</load_address>
         <run_address>0x3c0c</run_address>
         <size>0x44</size>
         <input_file_ref idref="fl-13f"/>
      </object_component>
      <object_component id="oc-1f8">
         <name>.text</name>
         <load_address>0x3c50</load_address>
         <run_address>0x3c50</run_address>
         <size>0x42</size>
         <input_file_ref idref="fl-144"/>
      </object_component>
      <object_component id="oc-1da">
         <name>.text:UARTConfigSetExpClk</name>
         <load_address>0x3c92</load_address>
         <run_address>0x3c92</run_address>
         <size>0x40</size>
         <input_file_ref idref="fl-149"/>
      </object_component>
      <object_component id="oc-21f">
         <name>.text:ADCSequenceConfigure</name>
         <load_address>0x3cd2</load_address>
         <run_address>0x3cd2</run_address>
         <size>0x3e</size>
         <input_file_ref idref="fl-14e"/>
      </object_component>
      <object_component id="oc-121">
         <name>.text</name>
         <load_address>0x3d10</load_address>
         <run_address>0x3d10</run_address>
         <size>0x38</size>
         <input_file_ref idref="fl-14"/>
      </object_component>
      <object_component id="oc-127">
         <name>.text:SysCtlPeripheralEnable</name>
         <load_address>0x3d48</load_address>
         <run_address>0x3d48</run_address>
         <size>0x34</size>
         <input_file_ref idref="fl-14a"/>
      </object_component>
      <object_component id="oc-1d4">
         <name>.text:SysCtlPeripheralPresent</name>
         <load_address>0x3d7c</load_address>
         <run_address>0x3d7c</run_address>
         <size>0x34</size>
         <input_file_ref idref="fl-14a"/>
      </object_component>
      <object_component id="oc-237">
         <name>.text:ADCIntStatus</name>
         <load_address>0x3db0</load_address>
         <run_address>0x3db0</run_address>
         <size>0x2e</size>
         <input_file_ref idref="fl-14e"/>
      </object_component>
      <object_component id="oc-1c7">
         <name>.text:GPIODirModeSet</name>
         <load_address>0x3dde</load_address>
         <run_address>0x3dde</run_address>
         <size>0x2a</size>
         <input_file_ref idref="fl-14c"/>
      </object_component>
      <object_component id="oc-23d">
         <name>.text:ADCSequenceDataGet</name>
         <load_address>0x3e08</load_address>
         <run_address>0x3e08</run_address>
         <size>0x1e</size>
         <input_file_ref idref="fl-14e"/>
      </object_component>
      <object_component id="oc-29d">
         <name>.text:UARTDisable</name>
         <load_address>0x3e28</load_address>
         <run_address>0x3e28</run_address>
         <size>0x1c</size>
         <input_file_ref idref="fl-149"/>
      </object_component>
      <object_component id="oc-270">
         <name>.text:_SysCtlMemTimingGet</name>
         <load_address>0x3e44</load_address>
         <run_address>0x3e44</run_address>
         <size>0x1c</size>
         <input_file_ref idref="fl-14a"/>
      </object_component>
      <object_component id="oc-209">
         <name>.text:GPIOPinTypeGPIOOutput</name>
         <load_address>0x3e60</load_address>
         <run_address>0x3e60</run_address>
         <size>0x18</size>
         <input_file_ref idref="fl-14c"/>
      </object_component>
      <object_component id="oc-72">
         <name>.text</name>
         <load_address>0x3e78</load_address>
         <run_address>0x3e78</run_address>
         <size>0x18</size>
         <input_file_ref idref="fl-146"/>
      </object_component>
      <object_component id="oc-231">
         <name>.text:ADCProcessorTrigger</name>
         <load_address>0x3e90</load_address>
         <run_address>0x3e90</run_address>
         <size>0x16</size>
         <input_file_ref idref="fl-14e"/>
      </object_component>
      <object_component id="oc-1e0">
         <name>.text:UARTEnable</name>
         <load_address>0x3ea6</load_address>
         <run_address>0x3ea6</run_address>
         <size>0x14</size>
         <input_file_ref idref="fl-149"/>
      </object_component>
      <object_component id="oc-165">
         <name>.text</name>
         <load_address>0x3ebc</load_address>
         <run_address>0x3ebc</run_address>
         <size>0x14</size>
         <input_file_ref idref="fl-145"/>
      </object_component>
      <object_component id="oc-139">
         <name>.text:GPIOPinTypeUART</name>
         <load_address>0x3ed0</load_address>
         <run_address>0x3ed0</run_address>
         <size>0x12</size>
         <input_file_ref idref="fl-14c"/>
      </object_component>
      <object_component id="oc-22b">
         <name>.text:ADCSequenceEnable</name>
         <load_address>0x3ee2</load_address>
         <run_address>0x3ee2</run_address>
         <size>0xe</size>
         <input_file_ref idref="fl-14e"/>
      </object_component>
      <object_component id="oc-14b">
         <name>.text</name>
         <load_address>0x3ef0</load_address>
         <run_address>0x3ef0</run_address>
         <size>0xe</size>
         <input_file_ref idref="fl-8"/>
      </object_component>
      <object_component id="oc-12">
         <name>.text:decompress:none</name>
         <load_address>0x3efe</load_address>
         <run_address>0x3efe</run_address>
         <size>0xe</size>
         <input_file_ref idref="fl-13c"/>
      </object_component>
      <object_component id="oc-2d">
         <name>.text</name>
         <load_address>0x3f0c</load_address>
         <run_address>0x3f0c</run_address>
         <size>0xc</size>
         <input_file_ref idref="fl-3"/>
      </object_component>
      <object_component id="oc-1e">
         <name>.text:decompress:ZI</name>
         <load_address>0x3f18</load_address>
         <run_address>0x3f18</run_address>
         <size>0xc</size>
         <input_file_ref idref="fl-13e"/>
      </object_component>
      <object_component id="oc-243">
         <name>.text:ADCIntClear</name>
         <load_address>0x3f24</load_address>
         <run_address>0x3f24</run_address>
         <size>0xa</size>
         <input_file_ref idref="fl-14e"/>
      </object_component>
      <object_component id="oc-1ec">
         <name>.text:UARTCharGet</name>
         <load_address>0x3f2e</load_address>
         <run_address>0x3f2e</run_address>
         <size>0xa</size>
         <input_file_ref idref="fl-149"/>
      </object_component>
      <object_component id="oc-1e6">
         <name>.text:UARTCharPut</name>
         <load_address>0x3f38</load_address>
         <run_address>0x3f38</run_address>
         <size>0xa</size>
         <input_file_ref idref="fl-149"/>
      </object_component>
      <object_component id="oc-20f">
         <name>.text:GPIOPinRead</name>
         <load_address>0x3f42</load_address>
         <run_address>0x3f42</run_address>
         <size>0x6</size>
         <input_file_ref idref="fl-14c"/>
      </object_component>
      <object_component id="oc-215">
         <name>.text:GPIOPinWrite</name>
         <load_address>0x3f48</load_address>
         <run_address>0x3f48</run_address>
         <size>0x6</size>
         <input_file_ref idref="fl-14c"/>
      </object_component>
      <object_component id="oc-133">
         <name>.text:UARTClockSourceSet</name>
         <load_address>0x3f4e</load_address>
         <run_address>0x3f4e</run_address>
         <size>0x6</size>
         <input_file_ref idref="fl-149"/>
      </object_component>
      <object_component id="oc-18">
         <name>.text:decompress:rle24</name>
         <load_address>0x3f54</load_address>
         <run_address>0x3f54</run_address>
         <size>0x6</size>
         <input_file_ref idref="fl-13d"/>
      </object_component>
      <object_component id="oc-66">
         <name>.text</name>
         <load_address>0x3f5a</load_address>
         <run_address>0x3f5a</run_address>
         <size>0x4</size>
         <input_file_ref idref="fl-142"/>
      </object_component>
      <object_component id="oc-27f">
         <name>.const:g_pppui32XTALtoVCO</name>
         <load_address>0x3f60</load_address>
         <run_address>0x3f60</run_address>
         <size>0x120</size>
         <input_file_ref idref="fl-14a"/>
      </object_component>
      <object_component id="oc-1c0">
         <name>.const:g_pui32GPIOBaseAddrs</name>
         <load_address>0x4080</load_address>
         <run_address>0x4080</run_address>
         <size>0x90</size>
         <input_file_ref idref="fl-14c"/>
      </object_component>
      <object_component id="oc-27c">
         <name>.const:g_pui32Xtals</name>
         <load_address>0x4110</load_address>
         <run_address>0x4110</run_address>
         <size>0x6c</size>
         <input_file_ref idref="fl-14a"/>
      </object_component>
      <object_component id="oc-2d7">
         <name>.const:g_sXTALtoMEMTIM</name>
         <load_address>0x417c</load_address>
         <run_address>0x417c</run_address>
         <size>0x30</size>
         <input_file_ref idref="fl-14a"/>
      </object_component>
      <object_component id="oc-1f2">
         <name>.const</name>
         <load_address>0x41ac</load_address>
         <run_address>0x41ac</run_address>
         <size>0x1c</size>
         <input_file_ref idref="fl-11"/>
      </object_component>
      <object_component id="oc-2a7">
         <name>.const:.string</name>
         <load_address>0x41c8</load_address>
         <run_address>0x41c8</run_address>
         <size>0x12</size>
         <input_file_ref idref="fl-11"/>
      </object_component>
      <object_component id="oc-1a2">
         <name>.const</name>
         <load_address>0x41da</load_address>
         <run_address>0x41da</run_address>
         <size>0x2</size>
         <input_file_ref idref="fl-4"/>
      </object_component>
      <object_component id="oc-282">
         <name>.const</name>
         <load_address>0x41dc</load_address>
         <run_address>0x41dc</run_address>
         <size>0x8</size>
         <input_file_ref idref="fl-14a"/>
      </object_component>
      <object_component id="oc-88">
         <name>.const</name>
         <load_address>0x41e4</load_address>
         <run_address>0x41e4</run_address>
         <size>0x4</size>
         <input_file_ref idref="fl-12"/>
      </object_component>
      <object_component id="oc-30a">
         <name>.cinit..data.load</name>
         <load_address>0x41e8</load_address>
         <run_address>0x41e8</run_address>
         <size>0x1d</size>
      </object_component>
      <object_component id="oc-308">
         <name>__TI_handler_table</name>
         <load_address>0x4208</load_address>
         <run_address>0x4208</run_address>
         <size>0xc</size>
      </object_component>
      <object_component id="oc-30b">
         <name>.cinit..bss.load</name>
         <load_address>0x4218</load_address>
         <run_address>0x4218</run_address>
         <size>0x8</size>
      </object_component>
      <object_component id="oc-309">
         <name>__TI_cinit_table</name>
         <load_address>0x4220</load_address>
         <run_address>0x4220</run_address>
         <size>0x10</size>
      </object_component>
      <object_component id="oc-29">
         <name>.stack</name>
         <uninitialized>true</uninitialized>
         <run_address>0x2000c5a4</run_address>
         <size>0x0</size>
         <input_file_ref idref="fl-13b"/>
      </object_component>
      <object_component id="oc-30c">
         <name>.stack</name>
         <uninitialized>true</uninitialized>
         <run_address>0x2000c5a4</run_address>
         <size>0x0</size>
      </object_component>
      <object_component id="oc-2a">
         <name>.bss:pulStack</name>
         <uninitialized>true</uninitialized>
         <run_address>0x2000c350</run_address>
         <size>0x100</size>
         <input_file_ref idref="fl-3"/>
      </object_component>
      <object_component id="oc-19e">
         <name>.bss:xHeap</name>
         <uninitialized>true</uninitialized>
         <run_address>0x20000000</run_address>
         <size>0xc350</size>
         <input_file_ref idref="fl-4"/>
      </object_component>
      <object_component id="oc-255">
         <name>.bss:xQueueRegistry</name>
         <uninitialized>true</uninitialized>
         <run_address>0x2000c4b4</run_address>
         <size>0x40</size>
         <input_file_ref idref="fl-e"/>
      </object_component>
      <object_component id="oc-e3">
         <name>.bss:pxReadyTasksLists</name>
         <uninitialized>true</uninitialized>
         <run_address>0x2000c450</run_address>
         <size>0x64</size>
         <input_file_ref idref="fl-f"/>
      </object_component>
      <object_component id="oc-19b">
         <name>.common:xStart</name>
         <uninitialized>true</uninitialized>
         <run_address>0x2000c588</run_address>
         <size>0x8</size>
      </object_component>
      <object_component id="oc-1a1">
         <name>.common:xEnd</name>
         <uninitialized>true</uninitialized>
         <run_address>0x2000c580</run_address>
         <size>0x8</size>
      </object_component>
      <object_component id="oc-249">
         <name>.common:queue1</name>
         <uninitialized>true</uninitialized>
         <run_address>0x2000c5a0</run_address>
         <size>0x4</size>
      </object_component>
      <object_component id="oc-f7">
         <name>.common:xDelayedTaskList1</name>
         <uninitialized>true</uninitialized>
         <run_address>0x2000c51c</run_address>
         <size>0x14</size>
      </object_component>
      <object_component id="oc-f8">
         <name>.common:xDelayedTaskList2</name>
         <uninitialized>true</uninitialized>
         <run_address>0x2000c530</run_address>
         <size>0x14</size>
      </object_component>
      <object_component id="oc-ef">
         <name>.common:pxDelayedTaskList</name>
         <uninitialized>true</uninitialized>
         <run_address>0x2000c594</run_address>
         <size>0x4</size>
      </object_component>
      <object_component id="oc-f0">
         <name>.common:pxOverflowDelayedTaskList</name>
         <uninitialized>true</uninitialized>
         <run_address>0x2000c598</run_address>
         <size>0x4</size>
      </object_component>
      <object_component id="oc-ee">
         <name>.common:xPendingReadyList</name>
         <uninitialized>true</uninitialized>
         <run_address>0x2000c544</run_address>
         <size>0x14</size>
      </object_component>
      <object_component id="oc-e6">
         <name>.common:xTasksWaitingTermination</name>
         <uninitialized>true</uninitialized>
         <run_address>0x2000c56c</run_address>
         <size>0x14</size>
      </object_component>
      <object_component id="oc-ed">
         <name>.common:xSuspendedTaskList</name>
         <uninitialized>true</uninitialized>
         <run_address>0x2000c558</run_address>
         <size>0x14</size>
      </object_component>
      <object_component id="oc-190">
         <name>.common:xActiveTimerList1</name>
         <uninitialized>true</uninitialized>
         <run_address>0x2000c4f4</run_address>
         <size>0x14</size>
      </object_component>
      <object_component id="oc-191">
         <name>.common:xActiveTimerList2</name>
         <uninitialized>true</uninitialized>
         <run_address>0x2000c508</run_address>
         <size>0x14</size>
      </object_component>
      <object_component id="oc-18c">
         <name>.common:pxCurrentTimerList</name>
         <uninitialized>true</uninitialized>
         <run_address>0x2000c590</run_address>
         <size>0x4</size>
      </object_component>
      <object_component id="oc-18f">
         <name>.common:pxOverflowTimerList</name>
         <uninitialized>true</uninitialized>
         <run_address>0x2000c59c</run_address>
         <size>0x4</size>
      </object_component>
      <object_component id="oc-198">
         <name>.data</name>
         <load_address>0x2000cde4</load_address>
         <run_address>0x2000cde4</run_address>
         <size>0x8</size>
         <input_file_ref idref="fl-4"/>
      </object_component>
      <object_component id="oc-85">
         <name>.data</name>
         <load_address>0x2000cda4</load_address>
         <run_address>0x2000cda4</run_address>
         <size>0x30</size>
         <input_file_ref idref="fl-f"/>
      </object_component>
      <object_component id="oc-189">
         <name>.data</name>
         <load_address>0x2000ce04</load_address>
         <run_address>0x2000ce04</run_address>
         <size>0x8</size>
         <input_file_ref idref="fl-10"/>
      </object_component>
      <object_component id="oc-1f5">
         <name>.data</name>
         <load_address>0x2000ce0c</load_address>
         <run_address>0x2000ce0c</run_address>
         <size>0x5</size>
         <input_file_ref idref="fl-11"/>
      </object_component>
      <object_component id="oc-92">
         <name>.data</name>
         <load_address>0x2000cdec</load_address>
         <run_address>0x2000cdec</run_address>
         <size>0x8</size>
         <input_file_ref idref="fl-12"/>
      </object_component>
      <object_component id="oc-1b5">
         <name>.data</name>
         <load_address>0x2000cdd4</load_address>
         <run_address>0x2000cdd4</run_address>
         <size>0x10</size>
         <input_file_ref idref="fl-14"/>
      </object_component>
      <object_component id="oc-cf">
         <name>.data</name>
         <load_address>0x2000cdfc</load_address>
         <run_address>0x2000cdfc</run_address>
         <size>0x8</size>
         <input_file_ref idref="fl-13f"/>
      </object_component>
      <object_component id="oc-7e">
         <name>.data</name>
         <load_address>0x2000ce14</load_address>
         <run_address>0x2000ce14</run_address>
         <size>0x4</size>
         <input_file_ref idref="fl-143"/>
      </object_component>
      <object_component id="oc-cc">
         <name>.data</name>
         <load_address>0x2000cdf4</load_address>
         <run_address>0x2000cdf4</run_address>
         <size>0x8</size>
         <input_file_ref idref="fl-145"/>
      </object_component>
      <object_component id="oc-112">
         <name>.debug_info</name>
         <load_address>0x0</load_address>
         <run_address>0x0</run_address>
         <size>0x434</size>
         <input_file_ref idref="fl-2"/>
      </object_component>
      <object_component id="oc-c5">
         <name>.debug_info</name>
         <load_address>0x434</load_address>
         <run_address>0x434</run_address>
         <size>0x28b</size>
         <input_file_ref idref="fl-2"/>
      </object_component>
      <object_component id="oc-fa">
         <name>.debug_info</name>
         <load_address>0x6bf</load_address>
         <run_address>0x6bf</run_address>
         <size>0x2ef</size>
         <input_file_ref idref="fl-2"/>
      </object_component>
      <object_component id="oc-a3">
         <name>.debug_info</name>
         <load_address>0x9ae</load_address>
         <run_address>0x9ae</run_address>
         <size>0x84</size>
         <input_file_ref idref="fl-2"/>
      </object_component>
      <object_component id="oc-97">
         <name>.debug_info</name>
         <load_address>0xa32</load_address>
         <run_address>0xa32</run_address>
         <size>0x2c</size>
         <input_file_ref idref="fl-2"/>
      </object_component>
      <object_component id="oc-ff">
         <name>.debug_info</name>
         <load_address>0xa5e</load_address>
         <run_address>0xa5e</run_address>
         <size>0x18b</size>
         <input_file_ref idref="fl-2"/>
      </object_component>
      <object_component id="oc-9c">
         <name>.debug_info</name>
         <load_address>0xbe9</load_address>
         <run_address>0xbe9</run_address>
         <size>0xae</size>
         <input_file_ref idref="fl-2"/>
      </object_component>
      <object_component id="oc-204">
         <name>.debug_info</name>
         <load_address>0xc97</load_address>
         <run_address>0xc97</run_address>
         <size>0x4e</size>
         <input_file_ref idref="fl-2"/>
      </object_component>
      <object_component id="oc-10d">
         <name>.debug_info</name>
         <load_address>0xce5</load_address>
         <run_address>0xce5</run_address>
         <size>0x14c</size>
         <input_file_ref idref="fl-2"/>
      </object_component>
      <object_component id="oc-40">
         <name>.debug_info</name>
         <load_address>0xe31</load_address>
         <run_address>0xe31</run_address>
         <size>0x188</size>
         <input_file_ref idref="fl-3"/>
      </object_component>
      <object_component id="oc-2b">
         <name>.debug_info</name>
         <load_address>0xfb9</load_address>
         <run_address>0xfb9</run_address>
         <size>0xf1</size>
         <input_file_ref idref="fl-3"/>
      </object_component>
      <object_component id="oc-10">
         <name>.debug_info</name>
         <load_address>0x10aa</load_address>
         <run_address>0x10aa</run_address>
         <size>0xfa</size>
         <input_file_ref idref="fl-3"/>
      </object_component>
      <object_component id="oc-2e">
         <name>.debug_info</name>
         <load_address>0x11a4</load_address>
         <run_address>0x11a4</run_address>
         <size>0x286</size>
         <input_file_ref idref="fl-3"/>
      </object_component>
      <object_component id="oc-19c">
         <name>.debug_info</name>
         <load_address>0x142a</load_address>
         <run_address>0x142a</run_address>
         <size>0x205</size>
         <input_file_ref idref="fl-4"/>
      </object_component>
      <object_component id="oc-19f">
         <name>.debug_info</name>
         <load_address>0x162f</load_address>
         <run_address>0x162f</run_address>
         <size>0xd7</size>
         <input_file_ref idref="fl-4"/>
      </object_component>
      <object_component id="oc-1a3">
         <name>.debug_info</name>
         <load_address>0x1706</load_address>
         <run_address>0x1706</run_address>
         <size>0xeb</size>
         <input_file_ref idref="fl-4"/>
      </object_component>
      <object_component id="oc-199">
         <name>.debug_info</name>
         <load_address>0x17f1</load_address>
         <run_address>0x17f1</run_address>
         <size>0xf3</size>
         <input_file_ref idref="fl-4"/>
      </object_component>
      <object_component id="oc-f2">
         <name>.debug_info</name>
         <load_address>0x18e4</load_address>
         <run_address>0x18e4</run_address>
         <size>0x485</size>
         <input_file_ref idref="fl-4"/>
      </object_component>
      <object_component id="oc-175">
         <name>.debug_info</name>
         <load_address>0x1d69</load_address>
         <run_address>0x1d69</run_address>
         <size>0x110</size>
         <input_file_ref idref="fl-4"/>
      </object_component>
      <object_component id="oc-267">
         <name>.debug_info</name>
         <load_address>0x1e79</load_address>
         <run_address>0x1e79</run_address>
         <size>0xa7</size>
         <input_file_ref idref="fl-4"/>
      </object_component>
      <object_component id="oc-21c">
         <name>.debug_info</name>
         <load_address>0x1f20</load_address>
         <run_address>0x1f20</run_address>
         <size>0x284</size>
         <input_file_ref idref="fl-5"/>
      </object_component>
      <object_component id="oc-146">
         <name>.debug_info</name>
         <load_address>0x21a4</load_address>
         <run_address>0x21a4</run_address>
         <size>0x21c</size>
         <input_file_ref idref="fl-5"/>
      </object_component>
      <object_component id="oc-24e">
         <name>.debug_info</name>
         <load_address>0x23c0</load_address>
         <run_address>0x23c0</run_address>
         <size>0x25b</size>
         <input_file_ref idref="fl-6"/>
      </object_component>
      <object_component id="oc-158">
         <name>.debug_info</name>
         <load_address>0x261b</load_address>
         <run_address>0x261b</run_address>
         <size>0x288</size>
         <input_file_ref idref="fl-6"/>
      </object_component>
      <object_component id="oc-21e">
         <name>.debug_info</name>
         <load_address>0x28a3</load_address>
         <run_address>0x28a3</run_address>
         <size>0x168</size>
         <input_file_ref idref="fl-8"/>
      </object_component>
      <object_component id="oc-14c">
         <name>.debug_info</name>
         <load_address>0x2a0b</load_address>
         <run_address>0x2a0b</run_address>
         <size>0x195</size>
         <input_file_ref idref="fl-8"/>
      </object_component>
      <object_component id="oc-24a">
         <name>.debug_info</name>
         <load_address>0x2ba0</load_address>
         <run_address>0x2ba0</run_address>
         <size>0x45e</size>
         <input_file_ref idref="fl-9"/>
      </object_component>
      <object_component id="oc-152">
         <name>.debug_info</name>
         <load_address>0x2ffe</load_address>
         <run_address>0x2ffe</run_address>
         <size>0x2d6</size>
         <input_file_ref idref="fl-9"/>
      </object_component>
      <object_component id="oc-1fe">
         <name>.debug_info</name>
         <load_address>0x32d4</load_address>
         <run_address>0x32d4</run_address>
         <size>0x8b</size>
         <input_file_ref idref="fl-9"/>
      </object_component>
      <object_component id="oc-259">
         <name>.debug_info</name>
         <load_address>0x335f</load_address>
         <run_address>0x335f</run_address>
         <size>0x46</size>
         <input_file_ref idref="fl-9"/>
      </object_component>
      <object_component id="oc-252">
         <name>.debug_info</name>
         <load_address>0x33a5</load_address>
         <run_address>0x33a5</run_address>
         <size>0x441</size>
         <input_file_ref idref="fl-c"/>
      </object_component>
      <object_component id="oc-2c4">
         <name>.debug_info</name>
         <load_address>0x37e6</load_address>
         <run_address>0x37e6</run_address>
         <size>0x39</size>
         <input_file_ref idref="fl-c"/>
      </object_component>
      <object_component id="oc-17a">
         <name>.debug_info</name>
         <load_address>0x381f</load_address>
         <run_address>0x381f</run_address>
         <size>0x46</size>
         <input_file_ref idref="fl-c"/>
      </object_component>
      <object_component id="oc-2c9">
         <name>.debug_info</name>
         <load_address>0x3865</load_address>
         <run_address>0x3865</run_address>
         <size>0x84</size>
         <input_file_ref idref="fl-c"/>
      </object_component>
      <object_component id="oc-180">
         <name>.debug_info</name>
         <load_address>0x38e9</load_address>
         <run_address>0x38e9</run_address>
         <size>0x150</size>
         <input_file_ref idref="fl-d"/>
      </object_component>
      <object_component id="oc-de">
         <name>.debug_info</name>
         <load_address>0x3a39</load_address>
         <run_address>0x3a39</run_address>
         <size>0x5c7</size>
         <input_file_ref idref="fl-d"/>
      </object_component>
      <object_component id="oc-25e">
         <name>.debug_info</name>
         <load_address>0x4000</load_address>
         <run_address>0x4000</run_address>
         <size>0x636</size>
         <input_file_ref idref="fl-e"/>
      </object_component>
      <object_component id="oc-256">
         <name>.debug_info</name>
         <load_address>0x4636</load_address>
         <run_address>0x4636</run_address>
         <size>0x10b</size>
         <input_file_ref idref="fl-e"/>
      </object_component>
      <object_component id="oc-184">
         <name>.debug_info</name>
         <load_address>0x4741</load_address>
         <run_address>0x4741</run_address>
         <size>0x2ddc</size>
         <input_file_ref idref="fl-e"/>
      </object_component>
      <object_component id="oc-2d2">
         <name>.debug_info</name>
         <load_address>0x751d</load_address>
         <run_address>0x751d</run_address>
         <size>0x1db</size>
         <input_file_ref idref="fl-e"/>
      </object_component>
      <object_component id="oc-d9">
         <name>.debug_info</name>
         <load_address>0x76f8</load_address>
         <run_address>0x76f8</run_address>
         <size>0x732</size>
         <input_file_ref idref="fl-f"/>
      </object_component>
      <object_component id="oc-86">
         <name>.debug_info</name>
         <load_address>0x7e2a</load_address>
         <run_address>0x7e2a</run_address>
         <size>0x314</size>
         <input_file_ref idref="fl-f"/>
      </object_component>
      <object_component id="oc-e4">
         <name>.debug_info</name>
         <load_address>0x813e</load_address>
         <run_address>0x813e</run_address>
         <size>0x110</size>
         <input_file_ref idref="fl-f"/>
      </object_component>
      <object_component id="oc-8c">
         <name>.debug_info</name>
         <load_address>0x824e</load_address>
         <run_address>0x824e</run_address>
         <size>0x4de8</size>
         <input_file_ref idref="fl-f"/>
      </object_component>
      <object_component id="oc-104">
         <name>.debug_info</name>
         <load_address>0xd036</load_address>
         <run_address>0xd036</run_address>
         <size>0x177</size>
         <input_file_ref idref="fl-f"/>
      </object_component>
      <object_component id="oc-18d">
         <name>.debug_info</name>
         <load_address>0xd1ad</load_address>
         <run_address>0xd1ad</run_address>
         <size>0x72b</size>
         <input_file_ref idref="fl-10"/>
      </object_component>
      <object_component id="oc-18a">
         <name>.debug_info</name>
         <load_address>0xd8d8</load_address>
         <run_address>0xd8d8</run_address>
         <size>0x105</size>
         <input_file_ref idref="fl-10"/>
      </object_component>
      <object_component id="oc-e8">
         <name>.debug_info</name>
         <load_address>0xd9dd</load_address>
         <run_address>0xd9dd</run_address>
         <size>0x1a3c</size>
         <input_file_ref idref="fl-10"/>
      </object_component>
      <object_component id="oc-193">
         <name>.debug_info</name>
         <load_address>0xf419</load_address>
         <run_address>0xf419</run_address>
         <size>0x1dc</size>
         <input_file_ref idref="fl-10"/>
      </object_component>
      <object_component id="oc-203">
         <name>.debug_info</name>
         <load_address>0xf5f5</load_address>
         <run_address>0xf5f5</run_address>
         <size>0x269</size>
         <input_file_ref idref="fl-11"/>
      </object_component>
      <object_component id="oc-1f6">
         <name>.debug_info</name>
         <load_address>0xf85e</load_address>
         <run_address>0xf85e</run_address>
         <size>0x106</size>
         <input_file_ref idref="fl-11"/>
      </object_component>
      <object_component id="oc-1f3">
         <name>.debug_info</name>
         <load_address>0xf964</load_address>
         <run_address>0xf964</run_address>
         <size>0x15c</size>
         <input_file_ref idref="fl-11"/>
      </object_component>
      <object_component id="oc-140">
         <name>.debug_info</name>
         <load_address>0xfac0</load_address>
         <run_address>0xfac0</run_address>
         <size>0x947</size>
         <input_file_ref idref="fl-11"/>
      </object_component>
      <object_component id="oc-96">
         <name>.debug_info</name>
         <load_address>0x10407</load_address>
         <run_address>0x10407</run_address>
         <size>0x226</size>
         <input_file_ref idref="fl-12"/>
      </object_component>
      <object_component id="oc-89">
         <name>.debug_info</name>
         <load_address>0x1062d</load_address>
         <run_address>0x1062d</run_address>
         <size>0x13e</size>
         <input_file_ref idref="fl-12"/>
      </object_component>
      <object_component id="oc-93">
         <name>.debug_info</name>
         <load_address>0x1076b</load_address>
         <run_address>0x1076b</run_address>
         <size>0x159</size>
         <input_file_ref idref="fl-12"/>
      </object_component>
      <object_component id="oc-39">
         <name>.debug_info</name>
         <load_address>0x108c4</load_address>
         <run_address>0x108c4</run_address>
         <size>0x86a</size>
         <input_file_ref idref="fl-12"/>
      </object_component>
      <object_component id="oc-34">
         <name>.debug_info</name>
         <load_address>0x1112e</load_address>
         <run_address>0x1112e</run_address>
         <size>0x286</size>
         <input_file_ref idref="fl-13"/>
      </object_component>
      <object_component id="oc-1b6">
         <name>.debug_info</name>
         <load_address>0x113b4</load_address>
         <run_address>0x113b4</run_address>
         <size>0x19c</size>
         <input_file_ref idref="fl-14"/>
      </object_component>
      <object_component id="oc-122">
         <name>.debug_info</name>
         <load_address>0x11550</load_address>
         <run_address>0x11550</run_address>
         <size>0x1b2</size>
         <input_file_ref idref="fl-14"/>
      </object_component>
      <object_component id="oc-26">
         <name>.debug_info</name>
         <load_address>0x11702</load_address>
         <run_address>0x11702</run_address>
         <size>0x138</size>
         <input_file_ref idref="fl-13b"/>
      </object_component>
      <object_component id="oc-4c">
         <name>.debug_info</name>
         <load_address>0x1183a</load_address>
         <run_address>0x1183a</run_address>
         <size>0x123</size>
         <input_file_ref idref="fl-13c"/>
      </object_component>
      <object_component id="oc-16">
         <name>.debug_info</name>
         <load_address>0x1195d</load_address>
         <run_address>0x1195d</run_address>
         <size>0x1c2</size>
         <input_file_ref idref="fl-13c"/>
      </object_component>
      <object_component id="oc-47">
         <name>.debug_info</name>
         <load_address>0x11b1f</load_address>
         <run_address>0x11b1f</run_address>
         <size>0x46</size>
         <input_file_ref idref="fl-13c"/>
      </object_component>
      <object_component id="oc-a9">
         <name>.debug_info</name>
         <load_address>0x11b65</load_address>
         <run_address>0x11b65</run_address>
         <size>0x2c</size>
         <input_file_ref idref="fl-13c"/>
      </object_component>
      <object_component id="oc-54">
         <name>.debug_info</name>
         <load_address>0x11b91</load_address>
         <run_address>0x11b91</run_address>
         <size>0x117</size>
         <input_file_ref idref="fl-13d"/>
      </object_component>
      <object_component id="oc-4e">
         <name>.debug_info</name>
         <load_address>0x11ca8</load_address>
         <run_address>0x11ca8</run_address>
         <size>0x22a</size>
         <input_file_ref idref="fl-13d"/>
      </object_component>
      <object_component id="oc-19">
         <name>.debug_info</name>
         <load_address>0x11ed2</load_address>
         <run_address>0x11ed2</run_address>
         <size>0x1bc</size>
         <input_file_ref idref="fl-13d"/>
      </object_component>
      <object_component id="oc-55">
         <name>.debug_info</name>
         <load_address>0x1208e</load_address>
         <run_address>0x1208e</run_address>
         <size>0x39</size>
         <input_file_ref idref="fl-13d"/>
      </object_component>
      <object_component id="oc-b3">
         <name>.debug_info</name>
         <load_address>0x120c7</load_address>
         <run_address>0x120c7</run_address>
         <size>0x2c</size>
         <input_file_ref idref="fl-13d"/>
      </object_component>
      <object_component id="oc-65">
         <name>.debug_info</name>
         <load_address>0x120f3</load_address>
         <run_address>0x120f3</run_address>
         <size>0x112</size>
         <input_file_ref idref="fl-13e"/>
      </object_component>
      <object_component id="oc-21">
         <name>.debug_info</name>
         <load_address>0x12205</load_address>
         <run_address>0x12205</run_address>
         <size>0x18d</size>
         <input_file_ref idref="fl-13e"/>
      </object_component>
      <object_component id="oc-60">
         <name>.debug_info</name>
         <load_address>0x12392</load_address>
         <run_address>0x12392</run_address>
         <size>0x46</size>
         <input_file_ref idref="fl-13e"/>
      </object_component>
      <object_component id="oc-d3">
         <name>.debug_info</name>
         <load_address>0x123d8</load_address>
         <run_address>0x123d8</run_address>
         <size>0x174</size>
         <input_file_ref idref="fl-13f"/>
      </object_component>
      <object_component id="oc-d0">
         <name>.debug_info</name>
         <load_address>0x1254c</load_address>
         <run_address>0x1254c</run_address>
         <size>0x119</size>
         <input_file_ref idref="fl-13f"/>
      </object_component>
      <object_component id="oc-7c">
         <name>.debug_info</name>
         <load_address>0x12665</load_address>
         <run_address>0x12665</run_address>
         <size>0x1f0</size>
         <input_file_ref idref="fl-13f"/>
      </object_component>
      <object_component id="oc-43">
         <name>.debug_info</name>
         <load_address>0x12855</load_address>
         <run_address>0x12855</run_address>
         <size>0xfa</size>
         <input_file_ref idref="fl-140"/>
      </object_component>
      <object_component id="oc-5b">
         <name>.debug_info</name>
         <load_address>0x1294f</load_address>
         <run_address>0x1294f</run_address>
         <size>0x12a</size>
         <input_file_ref idref="fl-141"/>
      </object_component>
      <object_component id="oc-6a">
         <name>.debug_info</name>
         <load_address>0x12a79</load_address>
         <run_address>0x12a79</run_address>
         <size>0x12b</size>
         <input_file_ref idref="fl-142"/>
      </object_component>
      <object_component id="oc-7f">
         <name>.debug_info</name>
         <load_address>0x12ba4</load_address>
         <run_address>0x12ba4</run_address>
         <size>0xec</size>
         <input_file_ref idref="fl-143"/>
      </object_component>
      <object_component id="oc-1fb">
         <name>.debug_info</name>
         <load_address>0x12c90</load_address>
         <run_address>0x12c90</run_address>
         <size>0x165</size>
         <input_file_ref idref="fl-144"/>
      </object_component>
      <object_component id="oc-16d">
         <name>.debug_info</name>
         <load_address>0x12df5</load_address>
         <run_address>0x12df5</run_address>
         <size>0x107</size>
         <input_file_ref idref="fl-145"/>
      </object_component>
      <object_component id="oc-cd">
         <name>.debug_info</name>
         <load_address>0x12efc</load_address>
         <run_address>0x12efc</run_address>
         <size>0xf6</size>
         <input_file_ref idref="fl-145"/>
      </object_component>
      <object_component id="oc-169">
         <name>.debug_info</name>
         <load_address>0x12ff2</load_address>
         <run_address>0x12ff2</run_address>
         <size>0x202</size>
         <input_file_ref idref="fl-145"/>
      </object_component>
      <object_component id="oc-cb">
         <name>.debug_info</name>
         <load_address>0x131f4</load_address>
         <run_address>0x131f4</run_address>
         <size>0x149</size>
         <input_file_ref idref="fl-146"/>
      </object_component>
      <object_component id="oc-76">
         <name>.debug_info</name>
         <load_address>0x1333d</load_address>
         <run_address>0x1333d</run_address>
         <size>0x14a</size>
         <input_file_ref idref="fl-146"/>
      </object_component>
      <object_component id="oc-160">
         <name>.debug_info</name>
         <load_address>0x13487</load_address>
         <run_address>0x13487</run_address>
         <size>0x5e</size>
         <input_file_ref idref="fl-146"/>
      </object_component>
      <object_component id="oc-c3">
         <name>.debug_info</name>
         <load_address>0x134e5</load_address>
         <run_address>0x134e5</run_address>
         <size>0x2a0</size>
         <input_file_ref idref="fl-147"/>
      </object_component>
      <object_component id="oc-70">
         <name>.debug_info</name>
         <load_address>0x13785</load_address>
         <run_address>0x13785</run_address>
         <size>0x15a</size>
         <input_file_ref idref="fl-147"/>
      </object_component>
      <object_component id="oc-117">
         <name>.debug_info</name>
         <load_address>0x138df</load_address>
         <run_address>0x138df</run_address>
         <size>0x39</size>
         <input_file_ref idref="fl-147"/>
      </object_component>
      <object_component id="oc-11c">
         <name>.debug_info</name>
         <load_address>0x13918</load_address>
         <run_address>0x13918</run_address>
         <size>0xcd</size>
         <input_file_ref idref="fl-147"/>
      </object_component>
      <object_component id="oc-114">
         <name>.debug_info</name>
         <load_address>0x139e5</load_address>
         <run_address>0x139e5</run_address>
         <size>0x1c3</size>
         <input_file_ref idref="fl-148"/>
      </object_component>
      <object_component id="oc-bf">
         <name>.debug_info</name>
         <load_address>0x13ba8</load_address>
         <run_address>0x13ba8</run_address>
         <size>0x17f</size>
         <input_file_ref idref="fl-148"/>
      </object_component>
      <object_component id="oc-1aa">
         <name>.debug_info</name>
         <load_address>0x13d27</load_address>
         <run_address>0x13d27</run_address>
         <size>0x2c</size>
         <input_file_ref idref="fl-148"/>
      </object_component>
      <object_component id="oc-1c6">
         <name>.debug_info</name>
         <load_address>0x13d53</load_address>
         <run_address>0x13d53</run_address>
         <size>0x1ce</size>
         <input_file_ref idref="fl-149"/>
      </object_component>
      <object_component id="oc-1e4">
         <name>.debug_info</name>
         <load_address>0x13f21</load_address>
         <run_address>0x13f21</run_address>
         <size>0x1ab</size>
         <input_file_ref idref="fl-149"/>
      </object_component>
      <object_component id="oc-2a0">
         <name>.debug_info</name>
         <load_address>0x140cc</load_address>
         <run_address>0x140cc</run_address>
         <size>0x233</size>
         <input_file_ref idref="fl-149"/>
      </object_component>
      <object_component id="oc-1dd">
         <name>.debug_info</name>
         <load_address>0x142ff</load_address>
         <run_address>0x142ff</run_address>
         <size>0x28a</size>
         <input_file_ref idref="fl-149"/>
      </object_component>
      <object_component id="oc-137">
         <name>.debug_info</name>
         <load_address>0x14589</load_address>
         <run_address>0x14589</run_address>
         <size>0x1f5</size>
         <input_file_ref idref="fl-149"/>
      </object_component>
      <object_component id="oc-1ea">
         <name>.debug_info</name>
         <load_address>0x1477e</load_address>
         <run_address>0x1477e</run_address>
         <size>0x25d</size>
         <input_file_ref idref="fl-149"/>
      </object_component>
      <object_component id="oc-1f0">
         <name>.debug_info</name>
         <load_address>0x149db</load_address>
         <run_address>0x149db</run_address>
         <size>0x237</size>
         <input_file_ref idref="fl-149"/>
      </object_component>
      <object_component id="oc-286">
         <name>.debug_info</name>
         <load_address>0x14c12</load_address>
         <run_address>0x14c12</run_address>
         <size>0x90</size>
         <input_file_ref idref="fl-149"/>
      </object_component>
      <object_component id="oc-1ba">
         <name>.debug_info</name>
         <load_address>0x14ca2</load_address>
         <run_address>0x14ca2</run_address>
         <size>0x18b</size>
         <input_file_ref idref="fl-149"/>
      </object_component>
      <object_component id="oc-1bf">
         <name>.debug_info</name>
         <load_address>0x14e2d</load_address>
         <run_address>0x14e2d</run_address>
         <size>0x226</size>
         <input_file_ref idref="fl-14a"/>
      </object_component>
      <object_component id="oc-27d">
         <name>.debug_info</name>
         <load_address>0x15053</load_address>
         <run_address>0x15053</run_address>
         <size>0xff</size>
         <input_file_ref idref="fl-14a"/>
      </object_component>
      <object_component id="oc-280">
         <name>.debug_info</name>
         <load_address>0x15152</load_address>
         <run_address>0x15152</run_address>
         <size>0x10b</size>
         <input_file_ref idref="fl-14a"/>
      </object_component>
      <object_component id="oc-2d8">
         <name>.debug_info</name>
         <load_address>0x1525d</load_address>
         <run_address>0x1525d</run_address>
         <size>0x105</size>
         <input_file_ref idref="fl-14a"/>
      </object_component>
      <object_component id="oc-283">
         <name>.debug_info</name>
         <load_address>0x15362</load_address>
         <run_address>0x15362</run_address>
         <size>0x112</size>
         <input_file_ref idref="fl-14a"/>
      </object_component>
      <object_component id="oc-1d5">
         <name>.debug_info</name>
         <load_address>0x15474</load_address>
         <run_address>0x15474</run_address>
         <size>0x1e7</size>
         <input_file_ref idref="fl-14a"/>
      </object_component>
      <object_component id="oc-128">
         <name>.debug_info</name>
         <load_address>0x1565b</load_address>
         <run_address>0x1565b</run_address>
         <size>0x1e1</size>
         <input_file_ref idref="fl-14a"/>
      </object_component>
      <object_component id="oc-271">
         <name>.debug_info</name>
         <load_address>0x1583c</load_address>
         <run_address>0x1583c</run_address>
         <size>0x264</size>
         <input_file_ref idref="fl-14a"/>
      </object_component>
      <object_component id="oc-277">
         <name>.debug_info</name>
         <load_address>0x15aa0</load_address>
         <run_address>0x15aa0</run_address>
         <size>0x21e</size>
         <input_file_ref idref="fl-14a"/>
      </object_component>
      <object_component id="oc-1b0">
         <name>.debug_info</name>
         <load_address>0x15cbe</load_address>
         <run_address>0x15cbe</run_address>
         <size>0x4c5</size>
         <input_file_ref idref="fl-14a"/>
      </object_component>
      <object_component id="oc-28f">
         <name>.debug_info</name>
         <load_address>0x16183</load_address>
         <run_address>0x16183</run_address>
         <size>0x5f</size>
         <input_file_ref idref="fl-14a"/>
      </object_component>
      <object_component id="oc-1c4">
         <name>.debug_info</name>
         <load_address>0x161e2</load_address>
         <run_address>0x161e2</run_address>
         <size>0x1d7</size>
         <input_file_ref idref="fl-14c"/>
      </object_component>
      <object_component id="oc-1c1">
         <name>.debug_info</name>
         <load_address>0x163b9</load_address>
         <run_address>0x163b9</run_address>
         <size>0x10d</size>
         <input_file_ref idref="fl-14c"/>
      </object_component>
      <object_component id="oc-216">
         <name>.debug_info</name>
         <load_address>0x164c6</load_address>
         <run_address>0x164c6</run_address>
         <size>0x207</size>
         <input_file_ref idref="fl-14c"/>
      </object_component>
      <object_component id="oc-1c8">
         <name>.debug_info</name>
         <load_address>0x166cd</load_address>
         <run_address>0x166cd</run_address>
         <size>0x217</size>
         <input_file_ref idref="fl-14c"/>
      </object_component>
      <object_component id="oc-1ce">
         <name>.debug_info</name>
         <load_address>0x168e4</load_address>
         <run_address>0x168e4</run_address>
         <size>0x312</size>
         <input_file_ref idref="fl-14c"/>
      </object_component>
      <object_component id="oc-13a">
         <name>.debug_info</name>
         <load_address>0x16bf6</load_address>
         <run_address>0x16bf6</run_address>
         <size>0x1df</size>
         <input_file_ref idref="fl-14c"/>
      </object_component>
      <object_component id="oc-20b">
         <name>.debug_info</name>
         <load_address>0x16dd5</load_address>
         <run_address>0x16dd5</run_address>
         <size>0x1eb</size>
         <input_file_ref idref="fl-14c"/>
      </object_component>
      <object_component id="oc-211">
         <name>.debug_info</name>
         <load_address>0x16fc0</load_address>
         <run_address>0x16fc0</run_address>
         <size>0x1df</size>
         <input_file_ref idref="fl-14c"/>
      </object_component>
      <object_component id="oc-12f">
         <name>.debug_info</name>
         <load_address>0x1719f</load_address>
         <run_address>0x1719f</run_address>
         <size>0x1e4</size>
         <input_file_ref idref="fl-14c"/>
      </object_component>
      <object_component id="oc-2b7">
         <name>.debug_info</name>
         <load_address>0x17383</load_address>
         <run_address>0x17383</run_address>
         <size>0x1a8</size>
         <input_file_ref idref="fl-14e"/>
      </object_component>
      <object_component id="oc-226">
         <name>.debug_info</name>
         <load_address>0x1752b</load_address>
         <run_address>0x1752b</run_address>
         <size>0x297</size>
         <input_file_ref idref="fl-14e"/>
      </object_component>
      <object_component id="oc-22c">
         <name>.debug_info</name>
         <load_address>0x177c2</load_address>
         <run_address>0x177c2</run_address>
         <size>0x204</size>
         <input_file_ref idref="fl-14e"/>
      </object_component>
      <object_component id="oc-23e">
         <name>.debug_info</name>
         <load_address>0x179c6</load_address>
         <run_address>0x179c6</run_address>
         <size>0x2fb</size>
         <input_file_ref idref="fl-14e"/>
      </object_component>
      <object_component id="oc-220">
         <name>.debug_info</name>
         <load_address>0x17cc1</load_address>
         <run_address>0x17cc1</run_address>
         <size>0x28a</size>
         <input_file_ref idref="fl-14e"/>
      </object_component>
      <object_component id="oc-232">
         <name>.debug_info</name>
         <load_address>0x17f4b</load_address>
         <run_address>0x17f4b</run_address>
         <size>0x208</size>
         <input_file_ref idref="fl-14e"/>
      </object_component>
      <object_component id="oc-238">
         <name>.debug_info</name>
         <load_address>0x18153</load_address>
         <run_address>0x18153</run_address>
         <size>0x245</size>
         <input_file_ref idref="fl-14e"/>
      </object_component>
      <object_component id="oc-244">
         <name>.debug_info</name>
         <load_address>0x18398</load_address>
         <run_address>0x18398</run_address>
         <size>0x1f8</size>
         <input_file_ref idref="fl-14e"/>
      </object_component>
      <object_component id="oc-30d">
         <name>.debug_info</name>
         <load_address>0x18590</load_address>
         <run_address>0x18590</run_address>
         <size>0xb2</size>
      </object_component>
      <object_component id="oc-1a7">
         <name>.debug_line</name>
         <load_address>0x0</load_address>
         <run_address>0x0</run_address>
         <size>0x196</size>
         <input_file_ref idref="fl-2"/>
      </object_component>
      <object_component id="oc-c8">
         <name>.debug_line</name>
         <load_address>0x196</load_address>
         <run_address>0x196</run_address>
         <size>0x5f</size>
         <input_file_ref idref="fl-2"/>
      </object_component>
      <object_component id="oc-fd">
         <name>.debug_line</name>
         <load_address>0x1f5</load_address>
         <run_address>0x1f5</run_address>
         <size>0x57</size>
         <input_file_ref idref="fl-2"/>
      </object_component>
      <object_component id="oc-a6">
         <name>.debug_line</name>
         <load_address>0x24c</load_address>
         <run_address>0x24c</run_address>
         <size>0x20</size>
         <input_file_ref idref="fl-2"/>
      </object_component>
      <object_component id="oc-9a">
         <name>.debug_line</name>
         <load_address>0x26c</load_address>
         <run_address>0x26c</run_address>
         <size>0x5b</size>
         <input_file_ref idref="fl-2"/>
      </object_component>
      <object_component id="oc-102">
         <name>.debug_line</name>
         <load_address>0x2c7</load_address>
         <run_address>0x2c7</run_address>
         <size>0x6d</size>
         <input_file_ref idref="fl-2"/>
      </object_component>
      <object_component id="oc-9f">
         <name>.debug_line</name>
         <load_address>0x334</load_address>
         <run_address>0x334</run_address>
         <size>0x6a</size>
         <input_file_ref idref="fl-2"/>
      </object_component>
      <object_component id="oc-207">
         <name>.debug_line</name>
         <load_address>0x39e</load_address>
         <run_address>0x39e</run_address>
         <size>0x6d</size>
         <input_file_ref idref="fl-2"/>
      </object_component>
      <object_component id="oc-110">
         <name>.debug_line</name>
         <load_address>0x40b</load_address>
         <run_address>0x40b</run_address>
         <size>0x57</size>
         <input_file_ref idref="fl-2"/>
      </object_component>
      <object_component id="oc-a2">
         <name>.debug_line</name>
         <load_address>0x462</load_address>
         <run_address>0x462</run_address>
         <size>0x43</size>
         <input_file_ref idref="fl-3"/>
      </object_component>
      <object_component id="oc-83">
         <name>.debug_line</name>
         <load_address>0x4a5</load_address>
         <run_address>0x4a5</run_address>
         <size>0x43</size>
         <input_file_ref idref="fl-3"/>
      </object_component>
      <object_component id="oc-3f">
         <name>.debug_line</name>
         <load_address>0x4e8</load_address>
         <run_address>0x4e8</run_address>
         <size>0x43</size>
         <input_file_ref idref="fl-3"/>
      </object_component>
      <object_component id="oc-31">
         <name>.debug_line</name>
         <load_address>0x52b</load_address>
         <run_address>0x52b</run_address>
         <size>0xa3</size>
         <input_file_ref idref="fl-3"/>
      </object_component>
      <object_component id="oc-266">
         <name>.debug_line</name>
         <load_address>0x5ce</load_address>
         <run_address>0x5ce</run_address>
         <size>0x66</size>
         <input_file_ref idref="fl-4"/>
      </object_component>
      <object_component id="oc-26d">
         <name>.debug_line</name>
         <load_address>0x634</load_address>
         <run_address>0x634</run_address>
         <size>0x2f</size>
         <input_file_ref idref="fl-4"/>
      </object_component>
      <object_component id="oc-26f">
         <name>.debug_line</name>
         <load_address>0x663</load_address>
         <run_address>0x663</run_address>
         <size>0x2f</size>
         <input_file_ref idref="fl-4"/>
      </object_component>
      <object_component id="oc-264">
         <name>.debug_line</name>
         <load_address>0x692</load_address>
         <run_address>0x692</run_address>
         <size>0x2f</size>
         <input_file_ref idref="fl-4"/>
      </object_component>
      <object_component id="oc-f5">
         <name>.debug_line</name>
         <load_address>0x6c1</load_address>
         <run_address>0x6c1</run_address>
         <size>0xe2</size>
         <input_file_ref idref="fl-4"/>
      </object_component>
      <object_component id="oc-178">
         <name>.debug_line</name>
         <load_address>0x7a3</load_address>
         <run_address>0x7a3</run_address>
         <size>0x6d</size>
         <input_file_ref idref="fl-4"/>
      </object_component>
      <object_component id="oc-26a">
         <name>.debug_line</name>
         <load_address>0x810</load_address>
         <run_address>0x810</run_address>
         <size>0x2f</size>
         <input_file_ref idref="fl-4"/>
      </object_component>
      <object_component id="oc-2b3">
         <name>.debug_line</name>
         <load_address>0x83f</load_address>
         <run_address>0x83f</run_address>
         <size>0xb9</size>
         <input_file_ref idref="fl-5"/>
      </object_component>
      <object_component id="oc-149">
         <name>.debug_line</name>
         <load_address>0x8f8</load_address>
         <run_address>0x8f8</run_address>
         <size>0x60</size>
         <input_file_ref idref="fl-5"/>
      </object_component>
      <object_component id="oc-2c1">
         <name>.debug_line</name>
         <load_address>0x958</load_address>
         <run_address>0x958</run_address>
         <size>0xb9</size>
         <input_file_ref idref="fl-6"/>
      </object_component>
      <object_component id="oc-15b">
         <name>.debug_line</name>
         <load_address>0xa11</load_address>
         <run_address>0xa11</run_address>
         <size>0x6d</size>
         <input_file_ref idref="fl-6"/>
      </object_component>
      <object_component id="oc-2b5">
         <name>.debug_line</name>
         <load_address>0xa7e</load_address>
         <run_address>0xa7e</run_address>
         <size>0x57</size>
         <input_file_ref idref="fl-8"/>
      </object_component>
      <object_component id="oc-14f">
         <name>.debug_line</name>
         <load_address>0xad5</load_address>
         <run_address>0xad5</run_address>
         <size>0x56</size>
         <input_file_ref idref="fl-8"/>
      </object_component>
      <object_component id="oc-2bf">
         <name>.debug_line</name>
         <load_address>0xb2b</load_address>
         <run_address>0xb2b</run_address>
         <size>0x13f</size>
         <input_file_ref idref="fl-9"/>
      </object_component>
      <object_component id="oc-155">
         <name>.debug_line</name>
         <load_address>0xc6a</load_address>
         <run_address>0xc6a</run_address>
         <size>0x6d</size>
         <input_file_ref idref="fl-9"/>
      </object_component>
      <object_component id="oc-201">
         <name>.debug_line</name>
         <load_address>0xcd7</load_address>
         <run_address>0xcd7</run_address>
         <size>0x20</size>
         <input_file_ref idref="fl-9"/>
      </object_component>
      <object_component id="oc-25c">
         <name>.debug_line</name>
         <load_address>0xcf7</load_address>
         <run_address>0xcf7</run_address>
         <size>0x58</size>
         <input_file_ref idref="fl-9"/>
      </object_component>
      <object_component id="oc-2c3">
         <name>.debug_line</name>
         <load_address>0xd4f</load_address>
         <run_address>0xd4f</run_address>
         <size>0x113</size>
         <input_file_ref idref="fl-c"/>
      </object_component>
      <object_component id="oc-2c7">
         <name>.debug_line</name>
         <load_address>0xe62</load_address>
         <run_address>0xe62</run_address>
         <size>0x5f</size>
         <input_file_ref idref="fl-c"/>
      </object_component>
      <object_component id="oc-17d">
         <name>.debug_line</name>
         <load_address>0xec1</load_address>
         <run_address>0xec1</run_address>
         <size>0x59</size>
         <input_file_ref idref="fl-c"/>
      </object_component>
      <object_component id="oc-2cc">
         <name>.debug_line</name>
         <load_address>0xf1a</load_address>
         <run_address>0xf1a</run_address>
         <size>0x57</size>
         <input_file_ref idref="fl-c"/>
      </object_component>
      <object_component id="oc-254">
         <name>.debug_line</name>
         <load_address>0xf71</load_address>
         <run_address>0xf71</run_address>
         <size>0x20</size>
         <input_file_ref idref="fl-d"/>
      </object_component>
      <object_component id="oc-e1">
         <name>.debug_line</name>
         <load_address>0xf91</load_address>
         <run_address>0xf91</run_address>
         <size>0x107</size>
         <input_file_ref idref="fl-d"/>
      </object_component>
      <object_component id="oc-2d1">
         <name>.debug_line</name>
         <load_address>0x1098</load_address>
         <run_address>0x1098</run_address>
         <size>0x160</size>
         <input_file_ref idref="fl-e"/>
      </object_component>
      <object_component id="oc-2cf">
         <name>.debug_line</name>
         <load_address>0x11f8</load_address>
         <run_address>0x11f8</run_address>
         <size>0x50</size>
         <input_file_ref idref="fl-e"/>
      </object_component>
      <object_component id="oc-187">
         <name>.debug_line</name>
         <load_address>0x1248</load_address>
         <run_address>0x1248</run_address>
         <size>0x766</size>
         <input_file_ref idref="fl-e"/>
      </object_component>
      <object_component id="oc-2d5">
         <name>.debug_line</name>
         <load_address>0x19ae</load_address>
         <run_address>0x19ae</run_address>
         <size>0x50</size>
         <input_file_ref idref="fl-e"/>
      </object_component>
      <object_component id="oc-174">
         <name>.debug_line</name>
         <load_address>0x19fe</load_address>
         <run_address>0x19fe</run_address>
         <size>0x192</size>
         <input_file_ref idref="fl-f"/>
      </object_component>
      <object_component id="oc-d8">
         <name>.debug_line</name>
         <load_address>0x1b90</load_address>
         <run_address>0x1b90</run_address>
         <size>0x50</size>
         <input_file_ref idref="fl-f"/>
      </object_component>
      <object_component id="oc-182">
         <name>.debug_line</name>
         <load_address>0x1be0</load_address>
         <run_address>0x1be0</run_address>
         <size>0x50</size>
         <input_file_ref idref="fl-f"/>
      </object_component>
      <object_component id="oc-8f">
         <name>.debug_line</name>
         <load_address>0x1c30</load_address>
         <run_address>0x1c30</run_address>
         <size>0xc55</size>
         <input_file_ref idref="fl-f"/>
      </object_component>
      <object_component id="oc-107">
         <name>.debug_line</name>
         <load_address>0x2885</load_address>
         <run_address>0x2885</run_address>
         <size>0x50</size>
         <input_file_ref idref="fl-f"/>
      </object_component>
      <object_component id="oc-262">
         <name>.debug_line</name>
         <load_address>0x28d5</load_address>
         <run_address>0x28d5</run_address>
         <size>0x17c</size>
         <input_file_ref idref="fl-10"/>
      </object_component>
      <object_component id="oc-260">
         <name>.debug_line</name>
         <load_address>0x2a51</load_address>
         <run_address>0x2a51</run_address>
         <size>0x51</size>
         <input_file_ref idref="fl-10"/>
      </object_component>
      <object_component id="oc-eb">
         <name>.debug_line</name>
         <load_address>0x2aa2</load_address>
         <run_address>0x2aa2</run_address>
         <size>0x402</size>
         <input_file_ref idref="fl-10"/>
      </object_component>
      <object_component id="oc-196">
         <name>.debug_line</name>
         <load_address>0x2ea4</load_address>
         <run_address>0x2ea4</run_address>
         <size>0x51</size>
         <input_file_ref idref="fl-10"/>
      </object_component>
      <object_component id="oc-2ae">
         <name>.debug_line</name>
         <load_address>0x2ef5</load_address>
         <run_address>0x2ef5</run_address>
         <size>0x82</size>
         <input_file_ref idref="fl-11"/>
      </object_component>
      <object_component id="oc-2ab">
         <name>.debug_line</name>
         <load_address>0x2f77</load_address>
         <run_address>0x2f77</run_address>
         <size>0x54</size>
         <input_file_ref idref="fl-11"/>
      </object_component>
      <object_component id="oc-2a9">
         <name>.debug_line</name>
         <load_address>0x2fcb</load_address>
         <run_address>0x2fcb</run_address>
         <size>0x54</size>
         <input_file_ref idref="fl-11"/>
      </object_component>
      <object_component id="oc-143">
         <name>.debug_line</name>
         <load_address>0x301f</load_address>
         <run_address>0x301f</run_address>
         <size>0x2a5</size>
         <input_file_ref idref="fl-11"/>
      </object_component>
[...]
      <symbol id="sm-3bd">
         <name>vTaskPrioritySet</name>
         <value>0x541</value>
         <object_component_ref idref="oc-8b"/>
      </symbol>
      <symbol id="sm-3be">
         <name>xTaskPriorityDisinherit</name>
         <value>0x144f</value>
         <object_component_ref idref="oc-8b"/>
      </symbol>
      <symbol id="sm-3bf">
         <name>vTaskStartScheduler</name>
         <value>0x85d</value>
         <object_component_ref idref="oc-8b"/>
      </symbol>
      <symbol id="sm-3c0">
         <name>xTaskNotifyStateClear</name>
         <value>0x197f</value>
         <object_component_ref idref="oc-8b"/>
      </symbol>
      <symbol id="sm-3c1">
         <name>pvTaskIncrementMutexHeldCount</name>
         <value>0x150f</value>
         <object_component_ref idref="oc-8b"/>
      </symbol>
      <symbol id="sm-3c2">
         <name>xTaskGenericNotify</name>
         <value>0x16df</value>
         <object_component_ref idref="oc-8b"/>
      </symbol>
      <symbol id="sm-3c3">
         <name>vTaskDelayUntil</name>
         <value>0x3b7</value>
         <object_component_ref idref="oc-8b"/>
      </symbol>
      <symbol id="sm-3c4">
         <name>uxTaskGetTaskNumber</name>
         <value>0xf37</value>
         <object_component_ref idref="oc-8b"/>
      </symbol>
      <symbol id="sm-3c5">
         <name>vTaskEndScheduler</name>
         <value>0x8c1</value>
         <object_component_ref idref="oc-8b"/>
      </symbol>
      <symbol id="sm-3c6">
         <name>xTaskNotifyWait</name>
         <value>0x15f5</value>
         <object_component_ref idref="oc-8b"/>
      </symbol>
      <symbol id="sm-3c7">
         <name>vTaskMissedYield</name>
         <value>0xf2f</value>
         <object_component_ref idref="oc-8b"/>
      </symbol>
      <symbol id="sm-3c8">
         <name>uxTaskGetNumberOfTasks</name>
         <value>0x9f5</value>
         <object_component_ref idref="oc-8b"/>
      </symbol>
      <symbol id="sm-3c9">
         <name>xTaskGenericNotifyFromISR</name>
         <value>0x17d1</value>
         <object_component_ref idref="oc-8b"/>
      </symbol>
      <symbol id="sm-3ca">
         <name>uxTaskPriorityGet</name>
         <value>0x4bb</value>
         <object_component_ref idref="oc-8b"/>
      </symbol>
      <symbol id="sm-3cb">
         <name>xTaskResumeAll</name>
         <value>0x8f5</value>
         <object_component_ref idref="oc-8b"/>
      </symbol>
      <symbol id="sm-3cc">
         <name>xTaskGetTickCount</name>
         <value>0x9d1</value>
         <object_component_ref idref="oc-8b"/>
      </symbol>
      <symbol id="sm-3cd">
         <name>xTaskGenericCreate</name>
         <value>0x201</value>
         <object_component_ref idref="oc-8b"/>
      </symbol>
      <symbol id="sm-3ce">
         <name>uxTaskGetSystemState</name>
         <value>0xa05</value>
         <object_component_ref idref="oc-8b"/>
      </symbol>
      <symbol id="sm-3cf">
         <name>vTaskDelete</name>
         <value>0x31b</value>
         <object_component_ref idref="oc-8b"/>
      </symbol>
      <symbol id="sm-3d0">
         <name>pxCurrentTCB</name>
         <value>0x2000cda4</value>
         <object_component_ref idref="oc-85"/>
      </symbol>
      <symbol id="sm-3d1">
         <name>vTaskNotifyGiveFromISR</name>
         <value>0x18d9</value>
         <object_component_ref idref="oc-8b"/>
      </symbol>
      <symbol id="sm-3d2">
         <name>vTaskSuspend</name>
         <value>0x655</value>
         <object_component_ref idref="oc-8b"/>
      </symbol>
      <symbol id="sm-3d3">
         <name>xTaskGetTickCountFromISR</name>
         <value>0x9e1</value>
         <object_component_ref idref="oc-8b"/>
      </symbol>
      <symbol id="sm-3d4">
         <name>vTaskResume</name>
         <value>0x749</value>
         <object_component_ref idref="oc-8b"/>
      </symbol>
      <symbol id="sm-3d5">
         <name>vTaskPlaceOnEventListRestricted</name>
         <value>0xd3d</value>
         <object_component_ref idref="oc-8b"/>
      </symbol>
      <symbol id="sm-3d6">
         <name>vTaskSetTimeOutState</name>
         <value>0xe8f</value>
         <object_component_ref idref="oc-8b"/>
      </symbol>
      <symbol id="sm-3d7">
         <name>xTaskIncrementTick</name>
         <value>0xad5</value>
         <object_component_ref idref="oc-8b"/>
      </symbol>
      <symbol id="sm-3d8">
         <name>vTaskSwitchContext</name>
         <value>0xbf9</value>
         <object_component_ref idref="oc-8b"/>
      </symbol>
      <symbol id="sm-3d9">
         <name>uxTaskResetEventItemValue</name>
         <value>0x14ed</value>
         <object_component_ref idref="oc-8b"/>
      </symbol>
      <symbol id="sm-3da">
         <name>xTaskGetSchedulerState</name>
         <value>0x1361</value>
         <object_component_ref idref="oc-8b"/>
      </symbol>
      <symbol id="sm-3db">
         <name>xTaskResumeFromISR</name>
         <value>0x7cb</value>
         <object_component_ref idref="oc-8b"/>
      </symbol>
      <symbol id="sm-3dc">
         <name>xTaskGetCurrentTaskHandle</name>
         <value>0x1349</value>
         <object_component_ref idref="oc-8b"/>
      </symbol>
      <symbol id="sm-3dd">
         <name>vTaskPlaceOnUnorderedEventList</name>
         <value>0xcc5</value>
         <object_component_ref idref="oc-8b"/>
      </symbol>
      <symbol id="sm-3de">
         <name>xTaskRemoveFromEventList</name>
         <value>0xda1</value>
         <object_component_ref idref="oc-8b"/>
      </symbol>
      <symbol id="sm-454">
         <name>xTimerCreateTimerTask</name>
         <value>0x23d9</value>
         <object_component_ref idref="oc-e7"/>
      </symbol>
      <symbol id="sm-455">
         <name>pcTimerGetTimerName</name>
         <value>0x24d5</value>
         <object_component_ref idref="oc-e7"/>
      </symbol>
      <symbol id="sm-456">
         <name>xTimerIsTimerActive</name>
         <value>0x2895</value>
         <object_component_ref idref="oc-e7"/>
      </symbol>
      <symbol id="sm-457">
         <name>xTimerCreate</name>
         <value>0x2413</value>
         <object_component_ref idref="oc-e7"/>
      </symbol>
      <symbol id="sm-458">
         <name>xTimerGenericCommand</name>
         <value>0x2467</value>
         <object_component_ref idref="oc-e7"/>
      </symbol>
      <symbol id="sm-459">
         <name>pvTimerGetTimerID</name>
         <value>0x28c1</value>
         <object_component_ref idref="oc-e7"/>
      </symbol>
      <symbol id="sm-45a">
         <name>vTimerSetTimerID</name>
         <value>0x28db</value>
         <object_component_ref idref="oc-e7"/>
      </symbol>
      <symbol id="sm-4bf">
         <name>UARTgetc</name>
         <value>0x2a57</value>
         <object_component_ref idref="oc-13f"/>
      </symbol>
      <symbol id="sm-4c0">
         <name>UARTgets</name>
         <value>0x299d</value>
         <object_component_ref idref="oc-13f"/>
      </symbol>
      <symbol id="sm-4c1">
         <name>UARTStdioConfig</name>
         <value>0x2911</value>
         <object_component_ref idref="oc-13f"/>
      </symbol>
      <symbol id="sm-4c2">
         <name>UARTwrite</name>
         <value>0x2957</value>
         <object_component_ref idref="oc-13f"/>
      </symbol>
      <symbol id="sm-4c3">
         <name>UARTprintf</name>
         <value>0x2d77</value>
         <object_component_ref idref="oc-13f"/>
      </symbol>
      <symbol id="sm-4c4">
         <name>UARTvprintf</name>
         <value>0x2a7d</value>
         <object_component_ref idref="oc-13f"/>
      </symbol>
      <symbol id="sm-4f5">
         <name>ulMaxSyscallInterruptPriority</name>
         <value>0x41e4</value>
         <object_component_ref idref="oc-88"/>
      </symbol>
      <symbol id="sm-4f6">
         <name>vPortSetupTimerInterrupt</name>
         <value>0x3263</value>
         <object_component_ref idref="oc-38"/>
      </symbol>
      <symbol id="sm-4f7">
         <name>vPortEndScheduler</name>
         <value>0x31fd</value>
         <object_component_ref idref="oc-38"/>
      </symbol>
      <symbol id="sm-4f8">
         <name>xPortSysTickCount</name>
         <value>0x2000cdf0</value>
         <object_component_ref idref="oc-92"/>
      </symbol>
      <symbol id="sm-4f9">
         <name>xPortSysTickHandler</name>
         <value>0x3235</value>
         <object_component_ref idref="oc-38"/>
      </symbol>
      <symbol id="sm-4fa">
         <name>pxPortInitialiseStack</name>
         <value>0x3161</value>
         <object_component_ref idref="oc-38"/>
      </symbol>
      <symbol id="sm-4fb">
         <name>vPortExitCritical</name>
         <value>0x321f</value>
         <object_component_ref idref="oc-38"/>
      </symbol>
      <symbol id="sm-4fc">
         <name>xPortStartScheduler</name>
         <value>0x31c7</value>
         <object_component_ref idref="oc-38"/>
      </symbol>
      <symbol id="sm-4fd">
         <name>vPortEnterCritical</name>
         <value>0x31ff</value>
         <object_component_ref idref="oc-38"/>
      </symbol>
      <symbol id="sm-50c">
         <name>vPortStartFirstTask</name>
         <value>0x36b9</value>
         <object_component_ref idref="oc-33"/>
      </symbol>
      <symbol id="sm-50d">
         <name>ulPortGetIPSR</name>
         <value>0x3621</value>
         <object_component_ref idref="oc-33"/>
      </symbol>
      <symbol id="sm-50e">
         <name>vPortEnableVFP</name>
         <value>0x36d5</value>
         <object_component_ref idref="oc-33"/>
      </symbol>
      <symbol id="sm-50f">
         <name>xPortPendSVHandler</name>
         <value>0x3639</value>
         <object_component_ref idref="oc-33"/>
      </symbol>
      <symbol id="sm-510">
         <name>vPortSVCHandler</name>
         <value>0x3699</value>
         <object_component_ref idref="oc-33"/>
      </symbol>
      <symbol id="sm-52a">
         <name>g_ulSystemClock</name>
         <value>0x2000cdd4</value>
         <object_component_ref idref="oc-1b5"/>
      </symbol>
      <symbol id="sm-52b">
         <name>UARTStdioInitFlag</name>
         <value>0x2000cddc</value>
         <object_component_ref idref="oc-1b5"/>
      </symbol>
      <symbol id="sm-52c">
         <name>ProcessorInitFlag</name>
         <value>0x2000cdd8</value>
         <object_component_ref idref="oc-1b5"/>
      </symbol>
      <symbol id="sm-52d">
         <name>FPUInitFlag</name>
         <value>0x2000cde0</value>
         <object_component_ref idref="oc-1b5"/>
      </symbol>
      <symbol id="sm-52e">
         <name>Processor_Initialization</name>
         <value>0x3d11</value>
         <object_component_ref idref="oc-121"/>
      </symbol>
      <symbol id="sm-540">
         <name>_c_int00</name>
         <value>0x3a95</value>
         <object_component_ref idref="oc-24"/>
      </symbol>
      <symbol id="sm-541">
         <name>__stack</name>
         <value>0x2000c5a4</value>
         <object_component_ref idref="oc-29"/>
      </symbol>
      <symbol id="sm-558">
         <name>__TI_decompress_none</name>
         <value>0x3eff</value>
         <object_component_ref idref="oc-12"/>
      </symbol>
      <symbol id="sm-580">
         <name>__TI_decompress_rle24</name>
         <value>0x3f55</value>
         <object_component_ref idref="oc-18"/>
      </symbol>
      <symbol id="sm-592">
         <name>__TI_zero_init</name>
         <value>0x3f19</value>
         <object_component_ref idref="oc-1e"/>
      </symbol>
      <symbol id="sm-5b1">
         <name>C$$EXIT</name>
         <value>0x3c0d</value>
         <object_component_ref idref="oc-78"/>
      </symbol>
      <symbol id="sm-5b2">
         <name>abort</name>
         <value>0x3c11</value>
         <object_component_ref idref="oc-78"/>
      </symbol>
      <symbol id="sm-5b3">
         <name>exit</name>
         <value>0x3c19</value>
         <object_component_ref idref="oc-78"/>
      </symbol>
      <symbol id="sm-5b4">
         <name>__TI_dtors_ptr</name>
         <value>0x2000ce00</value>
         <object_component_ref idref="oc-cf"/>
      </symbol>
      <symbol id="sm-5b5">
         <name>__TI_cleanup_ptr</name>
         <value>0x2000cdfc</value>
         <object_component_ref idref="oc-cf"/>
      </symbol>
      <symbol id="sm-5d0">
         <name>memcpy</name>
         <value>0x37a1</value>
         <object_component_ref idref="oc-41"/>
      </symbol>
      <symbol id="sm-5d1">
         <name>__aeabi_memcpy</name>
         <value>0x37a1</value>
         <object_component_ref idref="oc-41"/>
      </symbol>
      <symbol id="sm-5d2">
         <name>__aeabi_memcpy8</name>
         <value>0x37a1</value>
         <object_component_ref idref="oc-41"/>
      </symbol>
      <symbol id="sm-5d3">
         <name>__aeabi_memcpy4</name>
         <value>0x37a1</value>
         <object_component_ref idref="oc-41"/>
      </symbol>
      <symbol id="sm-5e2">
         <name>__aeabi_memset</name>
         <value>0x3943</value>
         <object_component_ref idref="oc-5a"/>
      </symbol>
      <symbol id="sm-5e3">
         <name>memset</name>
         <value>0x3949</value>
         <object_component_ref idref="oc-5a"/>
      </symbol>
      <symbol id="sm-5e4">
         <name>__aeabi_memset8</name>
         <value>0x3943</value>
         <object_component_ref idref="oc-5a"/>
      </symbol>
      <symbol id="sm-5e5">
         <name>__aeabi_memset4</name>
         <value>0x3943</value>
         <object_component_ref idref="oc-5a"/>
      </symbol>
      <symbol id="sm-5e6">
         <name>__aeabi_memclr8</name>
         <value>0x3941</value>
         <object_component_ref idref="oc-5a"/>
      </symbol>
      <symbol id="sm-5e7">
         <name>__aeabi_memclr4</name>
         <value>0x3941</value>
         <object_component_ref idref="oc-5a"/>
      </symbol>
      <symbol id="sm-5e8">
         <name>__aeabi_memclr</name>
         <value>0x3941</value>
         <object_component_ref idref="oc-5a"/>
      </symbol>
      <symbol id="sm-5f2">
         <name>_system_pre_init</name>
         <value>0x3f5b</value>
         <object_component_ref idref="oc-66"/>
      </symbol>
      <symbol id="sm-5fa">
         <name>main_func_sp</name>
         <value>0x2000ce14</value>
         <object_component_ref idref="oc-7e"/>
      </symbol>
      <symbol id="sm-60d">
         <name>__aeabi_uidivmod</name>
         <value>0x3c51</value>
         <object_component_ref idref="oc-1f8"/>
      </symbol>
      <symbol id="sm-60e">
         <name>__aeabi_uidiv</name>
         <value>0x3c51</value>
         <object_component_ref idref="oc-1f8"/>
      </symbol>
      <symbol id="sm-627">
         <name>_nop</name>
         <value>0x3ecb</value>
         <object_component_ref idref="oc-165"/>
      </symbol>
      <symbol id="sm-628">
         <name>_lock</name>
         <value>0x2000cdf4</value>
         <object_component_ref idref="oc-cc"/>
      </symbol>
      <symbol id="sm-629">
         <name>_unlock</name>
         <value>0x2000cdf8</value>
         <object_component_ref idref="oc-cc"/>
      </symbol>
      <symbol id="sm-62a">
         <name>_register_lock</name>
         <value>0x3ec3</value>
         <object_component_ref idref="oc-165"/>
      </symbol>
      <symbol id="sm-62b">
         <name>_register_unlock</name>
         <value>0x3ebd</value>
         <object_component_ref idref="oc-165"/>
      </symbol>
      <symbol id="sm-640">
         <name>_args_main</name>
         <value>0x3e79</value>
         <object_component_ref idref="oc-72"/>
      </symbol>
      <symbol id="sm-666">
         <name>__TI_auto_init</name>
         <value>0x39bd</value>
         <object_component_ref idref="oc-6c"/>
      </symbol>
      <symbol id="sm-680">
         <name>copy_in</name>
         <value>0x3b31</value>
         <object_component_ref idref="oc-bc"/>
      </symbol>
      <symbol id="sm-6cb">
         <name>UARTConfigSetExpClk</name>
         <value>0x3c93</value>
         <object_component_ref idref="oc-1da"/>
      </symbol>
      <symbol id="sm-6cc">
         <name>UARTDisable</name>
         <value>0x3e29</value>
         <object_component_ref idref="oc-29d"/>
      </symbol>
      <symbol id="sm-6cd">
         <name>UARTClockSourceSet</name>
         <value>0x3f4f</value>
         <object_component_ref idref="oc-133"/>
      </symbol>
      <symbol id="sm-6ce">
         <name>UARTCharPut</name>
         <value>0x3f39</value>
         <object_component_ref idref="oc-1e6"/>
      </symbol>
      <symbol id="sm-6cf">
         <name>UARTEnable</name>
         <value>0x3ea7</value>
         <object_component_ref idref="oc-1e0"/>
      </symbol>
      <symbol id="sm-6d0">
         <name>UARTCharGet</name>
         <value>0x3f2f</value>
         <object_component_ref idref="oc-1ec"/>
      </symbol>
      <symbol id="sm-750">
         <name>SysCtlPeripheralPresent</name>
         <value>0x3d7d</value>
         <object_component_ref idref="oc-1d4"/>
      </symbol>
      <symbol id="sm-751">
         <name>SysCtlPeripheralEnable</name>
         <value>0x3d49</value>
         <object_component_ref idref="oc-127"/>
      </symbol>
      <symbol id="sm-752">
         <name>SysCtlClockFreqSet</name>
         <value>0x2dad</value>
         <object_component_ref idref="oc-1af"/>
      </symbol>
      <symbol id="sm-7a3">
         <name>GPIOPinConfigure</name>
         <value>0x3b7d</value>
         <object_component_ref idref="oc-12d"/>
      </symbol>
      <symbol id="sm-7a4">
         <name>GPIOPinTypeUART</name>
         <value>0x3ed1</value>
         <object_component_ref idref="oc-139"/>
      </symbol>
      <symbol id="sm-7a5">
         <name>GPIOPinTypeGPIOOutput</name>
         <value>0x3e61</value>
         <object_component_ref idref="oc-209"/>
      </symbol>
      <symbol id="sm-7a6">
         <name>GPIOPinRead</name>
         <value>0x3f43</value>
         <object_component_ref idref="oc-20f"/>
      </symbol>
      <symbol id="sm-7a7">
         <name>GPIODirModeSet</name>
         <value>0x3ddf</value>
         <object_component_ref idref="oc-1c7"/>
      </symbol>
      <symbol id="sm-7a8">
         <name>GPIOPinWrite</name>
         <value>0x3f49</value>
         <object_component_ref idref="oc-215"/>
      </symbol>
      <symbol id="sm-7a9">
         <name>GPIOPadConfigSet</name>
         <value>0x3295</value>
         <object_component_ref idref="oc-1cd"/>
      </symbol>
      <symbol id="sm-7f4">
         <name>ADCProcessorTrigger</name>
         <value>0x3e91</value>
         <object_component_ref idref="oc-231"/>
      </symbol>
      <symbol id="sm-7f5">
         <name>ADCSequenceEnable</name>
         <value>0x3ee3</value>
         <object_component_ref idref="oc-22b"/>
      </symbol>
      <symbol id="sm-7f6">
         <name>ADCSequenceConfigure</name>
         <value>0x3cd3</value>
         <object_component_ref idref="oc-21f"/>
      </symbol>
      <symbol id="sm-7f7">
         <name>ADCSequenceStepConfigure</name>
         <value>0x38c1</value>
         <object_component_ref idref="oc-225"/>
      </symbol>
      <symbol id="sm-7f8">
         <name>ADCIntClear</name>
         <value>0x3f25</value>
         <object_component_ref idref="oc-243"/>
      </symbol>
      <symbol id="sm-7f9">
         <name>ADCIntStatus</name>
         <value>0x3db1</value>
         <object_component_ref idref="oc-237"/>
      </symbol>
      <symbol id="sm-7fa">
         <name>ADCSequenceDataGet</name>
         <value>0x3e09</value>
         <object_component_ref idref="oc-23d"/>
      </symbol>
      <symbol id="sm-7fb">
         <name>__TI_static_base__</name>
         <value>0x0</value>
      </symbol>
      <symbol id="sm-7fe">
         <name>SHT$$INIT_ARRAY$$Limit</name>
         <value>0x0</value>
      </symbol>
      <symbol id="sm-7ff">
         <name>SHT$$INIT_ARRAY$$Base</name>
         <value>0x0</value>
      </symbol>
   </symbol_table>
   <title>Link successful</title>
</link_info>
